Archive member included to satisfy reference by file (symbol)

../qtouch/lib/gcc\libqtm_touch_key_t817_0x0002.a(avr_touch_key_g_t817.o)
                              qtouch/touch.o (qtm_update_qtlib_timer)
../qtouch/lib/gcc\libqtm_freq_hop_auto_t817_0x0004.a(avr_freq_hop_auto_g_t817.o)
                              qtouch/touch.o (qtm_freq_hop_autotune)
../qtouch/lib/gcc\libqtm_binding_layer_t817_0x0005.a(avr_binding_layer_g_t817.o)
                              qtouch/touch.o (qmt_get_binding_layer_ptr)
../qtouch/lib/gcc\libqtm_acq_runtime_t817_0x0008.a(avr_acq_runtime_g_t817.o)
                              qtouch/touch.o (qtm_acquisition_process)
c:/program files (x86)/atmel/studio/7.0/toolchain/avr8/avr8-gnu-toolchain/bin/../lib/gcc/avr/5.4.0/avrxmega2\libgcc.a(_exit.o)
                              C:/Program Files (x86)/Atmel/Studio/7.0/Packs/atmel/ATtiny_DFP/1.2.118/gcc/dev/attiny817/avrxmega2/crtattiny817.o (exit)
c:/program files (x86)/atmel/studio/7.0/toolchain/avr8/avr8-gnu-toolchain/bin/../lib/gcc/avr/5.4.0/avrxmega2\libgcc.a(_copy_data.o)
                              qtouch/touch.o (__do_copy_data)
c:/program files (x86)/atmel/studio/7.0/toolchain/avr8/avr8-gnu-toolchain/bin/../lib/gcc/avr/5.4.0/avrxmega2\libgcc.a(_clear_bss.o)
                              examples/src/pwm_basic_example.o (__do_clear_bss)

Allocating common symbols
Common symbol       size              file

fstate              0x1               main.o
qstate              0x1               qtouch/touch.o
noise_filter_buffer
                    0xc               qtouch/touch.o
qtlib_key_grp_data_set1
                    0x6               qtouch/touch.o
tGeneral8bit        0x1               main.o
qtm_acquisition_control_working_set_ptr
                    0x2               ../qtouch/lib/gcc\libqtm_acq_runtime_t817_0x0008.a(avr_acq_runtime_g_t817.o)
PWM_0_duty          0x1               examples/src/pwm_basic_example.o
freq_hop_autotune_counters
                    0x3               qtouch/touch.o
ptc_qtlib_node_stat1
                    0xa               qtouch/touch.o
touch_acq_signals_raw
                    0x4               qtouch/touch.o
mDIMMER             0x1               main.o
p_qtm_control       0x2               qtouch/touch.o
qtm_control         0x19              qtouch/touch.o
fsegno              0x1               main.o
qtlib_key_data_set1
                    0xc               qtouch/touch.o
qtm_raw_data_measurements_ptr
                    0x2               ../qtouch/lib/gcc\libqtm_acq_runtime_t817_0x0008.a(avr_acq_runtime_g_t817.o)
tPressTime          0x2               main.o
sPressTime          0x1               main.o
qtm                 0x2               ../qtouch/lib/gcc\libqtm_binding_layer_t817_0x0005.a(avr_binding_layer_g_t817.o)

Discarded input sections

 .data          0x00000000        0x0 C:/Program Files (x86)/Atmel/Studio/7.0/Packs/atmel/ATtiny_DFP/1.2.118/gcc/dev/attiny817/avrxmega2/crtattiny817.o
 .bss           0x00000000        0x0 C:/Program Files (x86)/Atmel/Studio/7.0/Packs/atmel/ATtiny_DFP/1.2.118/gcc/dev/attiny817/avrxmega2/crtattiny817.o
 .text          0x00000000        0x0 atmel_start.o
 .data          0x00000000        0x0 atmel_start.o
 .bss           0x00000000        0x0 atmel_start.o
 .text          0x00000000        0x0 driver_isr.o
 .data          0x00000000        0x0 driver_isr.o
 .bss           0x00000000        0x0 driver_isr.o
 .text          0x00000000        0x0 examples/src/pwm_basic_example.o
 .data          0x00000000        0x0 examples/src/pwm_basic_example.o
 .bss           0x00000000        0x0 examples/src/pwm_basic_example.o
 .text.PWM_0_pwm_handler_cb
                0x00000000       0x26 examples/src/pwm_basic_example.o
 .text.PWM_0_test_pwm_basic
                0x00000000       0x2c examples/src/pwm_basic_example.o
 .bss.PWM_0_isr_executed_counter
                0x00000000        0x2 examples/src/pwm_basic_example.o
 .debug_info    0x00000000      0x177 examples/src/pwm_basic_example.o
 .debug_abbrev  0x00000000       0xc8 examples/src/pwm_basic_example.o
 .debug_aranges
                0x00000000       0x28 examples/src/pwm_basic_example.o
 .debug_ranges  0x00000000       0x18 examples/src/pwm_basic_example.o
 .debug_line    0x00000000      0x11d examples/src/pwm_basic_example.o
 .debug_str     0x00000000      0x236 examples/src/pwm_basic_example.o
 .comment       0x00000000       0x31 examples/src/pwm_basic_example.o
 .debug_frame   0x00000000       0x34 examples/src/pwm_basic_example.o
 COMMON         0x00000000        0x1 examples/src/pwm_basic_example.o
 .text          0x00000000        0x0 main.o
 .data          0x00000000        0x0 main.o
 .bss           0x00000000        0x0 main.o
 .text.millis   0x00000000       0x16 main.o
 .text          0x00000000        0x0 qtouch/touch.o
 .data          0x00000000        0x0 qtouch/touch.o
 .bss           0x00000000        0x0 qtouch/touch.o
 .text.get_sensor_node_signal
                0x00000000       0x1a qtouch/touch.o
 .text.update_sensor_node_signal
                0x00000000       0x1a qtouch/touch.o
 .text.get_sensor_node_reference
                0x00000000       0x1a qtouch/touch.o
 .text.update_sensor_node_reference
                0x00000000       0x1a qtouch/touch.o
 .text.get_sensor_cc_val
                0x00000000       0x1a qtouch/touch.o
 .text.update_sensor_cc_val
                0x00000000       0x1a qtouch/touch.o
 .text.update_sensor_state
                0x00000000       0x1e qtouch/touch.o
 .text          0x00000000        0x0 src/bod.o
 .data          0x00000000        0x0 src/bod.o
 .bss           0x00000000        0x0 src/bod.o
 .text          0x00000000        0x0 src/clkctrl.o
 .data          0x00000000        0x0 src/clkctrl.o
 .bss           0x00000000        0x0 src/clkctrl.o
 .text          0x00000000        0x0 src/cpuint.o
 .data          0x00000000        0x0 src/cpuint.o
 .bss           0x00000000        0x0 src/cpuint.o
 .text          0x00000000        0x0 src/driver_init.o
 .data          0x00000000        0x0 src/driver_init.o
 .bss           0x00000000        0x0 src/driver_init.o
 .text.TIMER_0_initialization
                0x00000000        0x6 src/driver_init.o
 .text          0x00000000        0x0 src/protected_io.o
 .data          0x00000000        0x0 src/protected_io.o
 .bss           0x00000000        0x0 src/protected_io.o
 .text.protected_write_io
                0x00000000        0x8 src/protected_io.o
 .debug_line    0x00000000       0x55 src/protected_io.o
 .debug_info    0x00000000       0x5f src/protected_io.o
 .debug_abbrev  0x00000000       0x14 src/protected_io.o
 .debug_aranges
                0x00000000       0x20 src/protected_io.o
 .text          0x00000000        0x0 src/pwm_basic.o
 .data          0x00000000        0x0 src/pwm_basic.o
 .bss           0x00000000        0x0 src/pwm_basic.o
 .text.PWM_0_enable
                0x00000000        0xc src/pwm_basic.o
 .text.PWM_0_disable
                0x00000000        0xc src/pwm_basic.o
 .text.PWM_0_disable_output_ch0
                0x00000000        0xc src/pwm_basic.o
 .text.PWM_0_load_top
                0x00000000        0x6 src/pwm_basic.o
 .text.PWM_0_register_callback
                0x00000000        0xa src/pwm_basic.o
 .bss.PWM_0_cb  0x00000000        0x2 src/pwm_basic.o
 .text          0x00000000        0x0 src/rtc.o
 .data          0x00000000        0x0 src/rtc.o
 .bss           0x00000000        0x0 src/rtc.o
 .text          0x00000000        0x0 src/slpctrl.o
 .data          0x00000000        0x0 src/slpctrl.o
 .bss           0x00000000        0x0 src/slpctrl.o
 .text          0x00000000        0x0 src/tca.o
 .data          0x00000000        0x0 src/tca.o
 .bss           0x00000000        0x0 src/tca.o
 .text          0x00000000        0x0 touch_example.o
 .data          0x00000000        0x0 touch_example.o
 .bss           0x00000000        0x0 touch_example.o
 .debug_line    0x00000000        0x0 touch_example.o
 .debug_str     0x00000000       0xe8 touch_example.o
 .comment       0x00000000       0x31 touch_example.o
 .text          0x00000000        0x0 ../qtouch/lib/gcc\libqtm_touch_key_t817_0x0002.a(avr_touch_key_g_t817.o)
 .data          0x00000000        0x0 ../qtouch/lib/gcc\libqtm_touch_key_t817_0x0002.a(avr_touch_key_g_t817.o)
 .bss           0x00000000        0x0 ../qtouch/lib/gcc\libqtm_touch_key_t817_0x0002.a(avr_touch_key_g_t817.o)
 .text.qtm_key_suspend
                0x00000000       0x4e ../qtouch/lib/gcc\libqtm_touch_key_t817_0x0002.a(avr_touch_key_g_t817.o)
 .text.qtm_key_resume
                0x00000000       0x4e ../qtouch/lib/gcc\libqtm_touch_key_t817_0x0002.a(avr_touch_key_g_t817.o)
 .text.qtm_get_touch_keys_module_id
                0x00000000        0x6 ../qtouch/lib/gcc\libqtm_touch_key_t817_0x0002.a(avr_touch_key_g_t817.o)
 .text.qtm_get_touch_keys_module_ver
                0x00000000        0x4 ../qtouch/lib/gcc\libqtm_touch_key_t817_0x0002.a(avr_touch_key_g_t817.o)
 .text          0x00000000        0x0 ../qtouch/lib/gcc\libqtm_freq_hop_auto_t817_0x0004.a(avr_freq_hop_auto_g_t817.o)
 .data          0x00000000        0x0 ../qtouch/lib/gcc\libqtm_freq_hop_auto_t817_0x0004.a(avr_freq_hop_auto_g_t817.o)
 .bss           0x00000000        0x0 ../qtouch/lib/gcc\libqtm_freq_hop_auto_t817_0x0004.a(avr_freq_hop_auto_g_t817.o)
 .text.qtm_get_freq_auto_module_id
                0x00000000        0x6 ../qtouch/lib/gcc\libqtm_freq_hop_auto_t817_0x0004.a(avr_freq_hop_auto_g_t817.o)
 .text.qtm_get_freq_auto_module_ver
                0x00000000        0x4 ../qtouch/lib/gcc\libqtm_freq_hop_auto_t817_0x0004.a(avr_freq_hop_auto_g_t817.o)
 .text          0x00000000        0x0 ../qtouch/lib/gcc\libqtm_binding_layer_t817_0x0005.a(avr_binding_layer_g_t817.o)
 .data          0x00000000        0x0 ../qtouch/lib/gcc\libqtm_binding_layer_t817_0x0005.a(avr_binding_layer_g_t817.o)
 .bss           0x00000000        0x0 ../qtouch/lib/gcc\libqtm_binding_layer_t817_0x0005.a(avr_binding_layer_g_t817.o)
 .text.qtm_lib_get_state
                0x00000000        0x6 ../qtouch/lib/gcc\libqtm_binding_layer_t817_0x0005.a(avr_binding_layer_g_t817.o)
 .text.qtm_get_binding_layer_module_id
                0x00000000        0x6 ../qtouch/lib/gcc\libqtm_binding_layer_t817_0x0005.a(avr_binding_layer_g_t817.o)
 .text.qtm_get_binding_layer_module_version
                0x00000000        0x4 ../qtouch/lib/gcc\libqtm_binding_layer_t817_0x0005.a(avr_binding_layer_g_t817.o)
 .text          0x00000000        0x0 ../qtouch/lib/gcc\libqtm_acq_runtime_t817_0x0008.a(avr_acq_runtime_g_t817.o)
 .data          0x00000000        0x0 ../qtouch/lib/gcc\libqtm_acq_runtime_t817_0x0008.a(avr_acq_runtime_g_t817.o)
 .bss           0x00000000        0x0 ../qtouch/lib/gcc\libqtm_acq_runtime_t817_0x0008.a(avr_acq_runtime_g_t817.o)
 .text.qtm_autoscan_sensor_node
                0x00000000      0x238 ../qtouch/lib/gcc\libqtm_acq_runtime_t817_0x0008.a(avr_acq_runtime_g_t817.o)
 .text.qtm_autoscan_node_cancel
                0x00000000        0xe ../qtouch/lib/gcc\libqtm_acq_runtime_t817_0x0008.a(avr_acq_runtime_g_t817.o)
 .text.qtm_t81x_ptc_handler_wcomp
                0x00000000       0x8c ../qtouch/lib/gcc\libqtm_acq_runtime_t817_0x0008.a(avr_acq_runtime_g_t817.o)
 .text.qtm_ptc_de_init
                0x00000000        0xa ../qtouch/lib/gcc\libqtm_acq_runtime_t817_0x0008.a(avr_acq_runtime_g_t817.o)
 .text.qtm_t81x_acq_module_get_id
                0x00000000        0x6 ../qtouch/lib/gcc\libqtm_acq_runtime_t817_0x0008.a(avr_acq_runtime_g_t817.o)
 .text.qtm_t81x_acq_module_get_version
                0x00000000        0x4 ../qtouch/lib/gcc\libqtm_acq_runtime_t817_0x0008.a(avr_acq_runtime_g_t817.o)
 .bss.ptc_wcomp_happened_pointer
                0x00000000        0x2 ../qtouch/lib/gcc\libqtm_acq_runtime_t817_0x0008.a(avr_acq_runtime_g_t817.o)
 .text          0x00000000        0x0 c:/program files (x86)/atmel/studio/7.0/toolchain/avr8/avr8-gnu-toolchain/bin/../lib/gcc/avr/5.4.0/avrxmega2\libgcc.a(_exit.o)
 .data          0x00000000        0x0 c:/program files (x86)/atmel/studio/7.0/toolchain/avr8/avr8-gnu-toolchain/bin/../lib/gcc/avr/5.4.0/avrxmega2\libgcc.a(_exit.o)
 .bss           0x00000000        0x0 c:/program files (x86)/atmel/studio/7.0/toolchain/avr8/avr8-gnu-toolchain/bin/../lib/gcc/avr/5.4.0/avrxmega2\libgcc.a(_exit.o)
 .text.libgcc.mul
                0x00000000        0x0 c:/program files (x86)/atmel/studio/7.0/toolchain/avr8/avr8-gnu-toolchain/bin/../lib/gcc/avr/5.4.0/avrxmega2\libgcc.a(_exit.o)
 .text.libgcc.div
                0x00000000        0x0 c:/program files (x86)/atmel/studio/7.0/toolchain/avr8/avr8-gnu-toolchain/bin/../lib/gcc/avr/5.4.0/avrxmega2\libgcc.a(_exit.o)
 .text.libgcc   0x00000000        0x0 c:/program files (x86)/atmel/studio/7.0/toolchain/avr8/avr8-gnu-toolchain/bin/../lib/gcc/avr/5.4.0/avrxmega2\libgcc.a(_exit.o)
 .text.libgcc.prologue
                0x00000000        0x0 c:/program files (x86)/atmel/studio/7.0/toolchain/avr8/avr8-gnu-toolchain/bin/../lib/gcc/avr/5.4.0/avrxmega2\libgcc.a(_exit.o)
 .text.libgcc.builtins
                0x00000000        0x0 c:/program files (x86)/atmel/studio/7.0/toolchain/avr8/avr8-gnu-toolchain/bin/../lib/gcc/avr/5.4.0/avrxmega2\libgcc.a(_exit.o)
 .text.libgcc.fmul
                0x00000000        0x0 c:/program files (x86)/atmel/studio/7.0/toolchain/avr8/avr8-gnu-toolchain/bin/../lib/gcc/avr/5.4.0/avrxmega2\libgcc.a(_exit.o)
 .text.libgcc.fixed
                0x00000000        0x0 c:/program files (x86)/atmel/studio/7.0/toolchain/avr8/avr8-gnu-toolchain/bin/../lib/gcc/avr/5.4.0/avrxmega2\libgcc.a(_exit.o)
 .text          0x00000000        0x0 c:/program files (x86)/atmel/studio/7.0/toolchain/avr8/avr8-gnu-toolchain/bin/../lib/gcc/avr/5.4.0/avrxmega2\libgcc.a(_copy_data.o)
 .data          0x00000000        0x0 c:/program files (x86)/atmel/studio/7.0/toolchain/avr8/avr8-gnu-toolchain/bin/../lib/gcc/avr/5.4.0/avrxmega2\libgcc.a(_copy_data.o)
 .bss           0x00000000        0x0 c:/program files (x86)/atmel/studio/7.0/toolchain/avr8/avr8-gnu-toolchain/bin/../lib/gcc/avr/5.4.0/avrxmega2\libgcc.a(_copy_data.o)
 .text.libgcc.mul
                0x00000000        0x0 c:/program files (x86)/atmel/studio/7.0/toolchain/avr8/avr8-gnu-toolchain/bin/../lib/gcc/avr/5.4.0/avrxmega2\libgcc.a(_copy_data.o)
 .text.libgcc.div
                0x00000000        0x0 c:/program files (x86)/atmel/studio/7.0/toolchain/avr8/avr8-gnu-toolchain/bin/../lib/gcc/avr/5.4.0/avrxmega2\libgcc.a(_copy_data.o)
 .text.libgcc   0x00000000        0x0 c:/program files (x86)/atmel/studio/7.0/toolchain/avr8/avr8-gnu-toolchain/bin/../lib/gcc/avr/5.4.0/avrxmega2\libgcc.a(_copy_data.o)
 .text.libgcc.prologue
                0x00000000        0x0 c:/program files (x86)/atmel/studio/7.0/toolchain/avr8/avr8-gnu-toolchain/bin/../lib/gcc/avr/5.4.0/avrxmega2\libgcc.a(_copy_data.o)
 .text.libgcc.builtins
                0x00000000        0x0 c:/program files (x86)/atmel/studio/7.0/toolchain/avr8/avr8-gnu-toolchain/bin/../lib/gcc/avr/5.4.0/avrxmega2\libgcc.a(_copy_data.o)
 .text.libgcc.fmul
                0x00000000        0x0 c:/program files (x86)/atmel/studio/7.0/toolchain/avr8/avr8-gnu-toolchain/bin/../lib/gcc/avr/5.4.0/avrxmega2\libgcc.a(_copy_data.o)
 .text.libgcc.fixed
                0x00000000        0x0 c:/program files (x86)/atmel/studio/7.0/toolchain/avr8/avr8-gnu-toolchain/bin/../lib/gcc/avr/5.4.0/avrxmega2\libgcc.a(_copy_data.o)
 .text          0x00000000        0x0 c:/program files (x86)/atmel/studio/7.0/toolchain/avr8/avr8-gnu-toolchain/bin/../lib/gcc/avr/5.4.0/avrxmega2\libgcc.a(_clear_bss.o)
 .data          0x00000000        0x0 c:/program files (x86)/atmel/studio/7.0/toolchain/avr8/avr8-gnu-toolchain/bin/../lib/gcc/avr/5.4.0/avrxmega2\libgcc.a(_clear_bss.o)
 .bss           0x00000000        0x0 c:/program files (x86)/atmel/studio/7.0/toolchain/avr8/avr8-gnu-toolchain/bin/../lib/gcc/avr/5.4.0/avrxmega2\libgcc.a(_clear_bss.o)
 .text.libgcc.mul
                0x00000000        0x0 c:/program files (x86)/atmel/studio/7.0/toolchain/avr8/avr8-gnu-toolchain/bin/../lib/gcc/avr/5.4.0/avrxmega2\libgcc.a(_clear_bss.o)
 .text.libgcc.div
                0x00000000        0x0 c:/program files (x86)/atmel/studio/7.0/toolchain/avr8/avr8-gnu-toolchain/bin/../lib/gcc/avr/5.4.0/avrxmega2\libgcc.a(_clear_bss.o)
 .text.libgcc   0x00000000        0x0 c:/program files (x86)/atmel/studio/7.0/toolchain/avr8/avr8-gnu-toolchain/bin/../lib/gcc/avr/5.4.0/avrxmega2\libgcc.a(_clear_bss.o)
 .text.libgcc.prologue
                0x00000000        0x0 c:/program files (x86)/atmel/studio/7.0/toolchain/avr8/avr8-gnu-toolchain/bin/../lib/gcc/avr/5.4.0/avrxmega2\libgcc.a(_clear_bss.o)
 .text.libgcc.builtins
                0x00000000        0x0 c:/program files (x86)/atmel/studio/7.0/toolchain/avr8/avr8-gnu-toolchain/bin/../lib/gcc/avr/5.4.0/avrxmega2\libgcc.a(_clear_bss.o)
 .text.libgcc.fmul
                0x00000000        0x0 c:/program files (x86)/atmel/studio/7.0/toolchain/avr8/avr8-gnu-toolchain/bin/../lib/gcc/avr/5.4.0/avrxmega2\libgcc.a(_clear_bss.o)
 .text.libgcc.fixed
                0x00000000        0x0 c:/program files (x86)/atmel/studio/7.0/toolchain/avr8/avr8-gnu-toolchain/bin/../lib/gcc/avr/5.4.0/avrxmega2\libgcc.a(_clear_bss.o)

Memory Configuration

Name             Origin             Length             Attributes
text             0x00000000         0x00100000         xr
data             0x00802000         0x0000ffa0         rw !x
eeprom           0x00810000         0x00010000         rw !x
fuse             0x00820000         0x00000009         rw !x
lock             0x00830000         0x00000400         rw !x
signature        0x00840000         0x00000400         rw !x
user_signatures  0x00850000         0x00000400         rw !x
*default*        0x00000000         0xffffffff

Linker script and memory map

Address of section .data set to 0x803e00
LOAD C:/Program Files (x86)/Atmel/Studio/7.0/Packs/atmel/ATtiny_DFP/1.2.118/gcc/dev/attiny817/avrxmega2/crtattiny817.o
LOAD atmel_start.o
LOAD driver_isr.o
LOAD examples/src/pwm_basic_example.o
LOAD main.o
LOAD qtouch/touch.o
LOAD src/bod.o
LOAD src/clkctrl.o
LOAD src/cpuint.o
LOAD src/driver_init.o
LOAD src/protected_io.o
LOAD src/pwm_basic.o
LOAD src/rtc.o
LOAD src/slpctrl.o
LOAD src/tca.o
LOAD touch_example.o
START GROUP
LOAD ../qtouch/lib/gcc\libqtm_touch_key_t817_0x0002.a
LOAD ../qtouch/lib/gcc\libqtm_freq_hop_auto_t817_0x0004.a
LOAD ../qtouch/lib/gcc\libqtm_binding_layer_t817_0x0005.a
LOAD ../qtouch/lib/gcc\libqtm_acq_runtime_t817_0x0008.a
LOAD c:/program files (x86)/atmel/studio/7.0/toolchain/avr8/avr8-gnu-toolchain/bin/../lib/gcc/avr/5.4.0/../../../../avr/lib/avrxmega2\libm.a
END GROUP
START GROUP
LOAD c:/program files (x86)/atmel/studio/7.0/toolchain/avr8/avr8-gnu-toolchain/bin/../lib/gcc/avr/5.4.0/avrxmega2\libgcc.a
LOAD c:/program files (x86)/atmel/studio/7.0/toolchain/avr8/avr8-gnu-toolchain/bin/../lib/gcc/avr/5.4.0/../../../../avr/lib/avrxmega2\libm.a
LOAD c:/program files (x86)/atmel/studio/7.0/toolchain/avr8/avr8-gnu-toolchain/bin/../lib/gcc/avr/5.4.0/../../../../avr/lib/avrxmega2\libc.a
LOAD C:/Program Files (x86)/Atmel/Studio/7.0/Packs/atmel/ATtiny_DFP/1.2.118/gcc/dev/attiny817/avrxmega2\libattiny817.a
END GROUP
                0x00100000                __TEXT_REGION_LENGTH__ = DEFINED (__TEXT_REGION_LENGTH__)?__TEXT_REGION_LENGTH__:0x100000
                0x0000ffa0                __DATA_REGION_LENGTH__ = DEFINED (__DATA_REGION_LENGTH__)?__DATA_REGION_LENGTH__:0xffa0
                0x00010000                __EEPROM_REGION_LENGTH__ = DEFINED (__EEPROM_REGION_LENGTH__)?__EEPROM_REGION_LENGTH__:0x10000
                [0x00000009]                __FUSE_REGION_LENGTH__ = DEFINED (__FUSE_REGION_LENGTH__)?__FUSE_REGION_LENGTH__:0x400
                0x00000400                __LOCK_REGION_LENGTH__ = DEFINED (__LOCK_REGION_LENGTH__)?__LOCK_REGION_LENGTH__:0x400
                0x00000400                __SIGNATURE_REGION_LENGTH__ = DEFINED (__SIGNATURE_REGION_LENGTH__)?__SIGNATURE_REGION_LENGTH__:0x400
                0x00000400                __USER_SIGNATURE_REGION_LENGTH__ = DEFINED (__USER_SIGNATURE_REGION_LENGTH__)?__USER_SIGNATURE_REGION_LENGTH__:0x400

.hash
 *(.hash)

.dynsym
 *(.dynsym)

.dynstr
 *(.dynstr)

.gnu.version
 *(.gnu.version)

.gnu.version_d
 *(.gnu.version_d)

.gnu.version_r
 *(.gnu.version_r)

.rel.init
 *(.rel.init)

.rela.init
 *(.rela.init)

.rel.text
 *(.rel.text)
 *(.rel.text.*)
 *(.rel.gnu.linkonce.t*)

.rela.text
 *(.rela.text)
 *(.rela.text.*)
 *(.rela.gnu.linkonce.t*)

.rel.fini
 *(.rel.fini)

.rela.fini
 *(.rela.fini)

.rel.rodata
 *(.rel.rodata)
 *(.rel.rodata.*)
 *(.rel.gnu.linkonce.r*)

.rela.rodata
 *(.rela.rodata)
 *(.rela.rodata.*)
 *(.rela.gnu.linkonce.r*)

.rel.data
 *(.rel.data)
 *(.rel.data.*)
 *(.rel.gnu.linkonce.d*)

.rela.data
 *(.rela.data)
 *(.rela.data.*)
 *(.rela.gnu.linkonce.d*)

.rel.ctors
 *(.rel.ctors)

.rela.ctors
 *(.rela.ctors)

.rel.dtors
 *(.rel.dtors)

.rela.dtors
 *(.rela.dtors)

.rel.got
 *(.rel.got)

.rela.got
 *(.rela.got)

.rel.bss
 *(.rel.bss)

.rela.bss
 *(.rela.bss)

.rel.plt
 *(.rel.plt)

.rela.plt
 *(.rela.plt)

.text           0x00000000     0x1d72
 *(.vectors)
 .vectors       0x00000000       0x34 C:/Program Files (x86)/Atmel/Studio/7.0/Packs/atmel/ATtiny_DFP/1.2.118/gcc/dev/attiny817/avrxmega2/crtattiny817.o
                0x00000000                __vector_default
                0x00000000                __vectors
 *(.vectors)
 *(.progmem.gcc*)
                0x00000034                . = ALIGN (0x2)
                0x00000034                __trampolines_start = .
 *(.trampolines)
 .trampolines   0x00000034        0x0 linker stubs
 *(.trampolines*)
                0x00000034                __trampolines_end = .
 *libprintf_flt.a:*(.progmem.data)
 *libc.a:*(.progmem.data)
 *(.progmem*)
                0x00000034                . = ALIGN (0x2)
 *(.jumptables)
 *(.jumptables*)
 *(.lowtext)
 *(.lowtext*)
                0x00000034                __ctors_start = .
 *(.ctors)
                0x00000034                __ctors_end = .
                0x00000034                __dtors_start = .
 *(.dtors)
                0x00000034                __dtors_end = .
 SORT(*)(.ctors)
 SORT(*)(.dtors)
 *(.init0)
 .init0         0x00000034        0x0 C:/Program Files (x86)/Atmel/Studio/7.0/Packs/atmel/ATtiny_DFP/1.2.118/gcc/dev/attiny817/avrxmega2/crtattiny817.o
                0x00000034                __init
 *(.init0)
 *(.init1)
 *(.init1)
 *(.init2)
 .init2         0x00000034        0xc C:/Program Files (x86)/Atmel/Studio/7.0/Packs/atmel/ATtiny_DFP/1.2.118/gcc/dev/attiny817/avrxmega2/crtattiny817.o
 *(.init2)
 *(.init3)
 *(.init3)
 *(.init4)
 .init4         0x00000040       0x16 c:/program files (x86)/atmel/studio/7.0/toolchain/avr8/avr8-gnu-toolchain/bin/../lib/gcc/avr/5.4.0/avrxmega2\libgcc.a(_copy_data.o)
                0x00000040                __do_copy_data
 .init4         0x00000056       0x10 c:/program files (x86)/atmel/studio/7.0/toolchain/avr8/avr8-gnu-toolchain/bin/../lib/gcc/avr/5.4.0/avrxmega2\libgcc.a(_clear_bss.o)
                0x00000056                __do_clear_bss
 *(.init4)
 *(.init5)
 *(.init5)
 *(.init6)
 *(.init6)
 *(.init7)
 *(.init7)
 *(.init8)
 *(.init8)
 *(.init9)
 .init9         0x00000066        0x8 C:/Program Files (x86)/Atmel/Studio/7.0/Packs/atmel/ATtiny_DFP/1.2.118/gcc/dev/attiny817/avrxmega2/crtattiny817.o
 *(.init9)
 *(.text)
 .text          0x0000006e        0x4 C:/Program Files (x86)/Atmel/Studio/7.0/Packs/atmel/ATtiny_DFP/1.2.118/gcc/dev/attiny817/avrxmega2/crtattiny817.o
                0x0000006e                __vector_22
                0x0000006e                __vector_1
                0x0000006e                __vector_24
                0x0000006e                __vector_12
                0x0000006e                __bad_interrupt
                0x0000006e                __vector_3
                0x0000006e                __vector_23
                0x0000006e                __vector_25
                0x0000006e                __vector_11
                0x0000006e                __vector_19
                0x0000006e                __vector_7
                0x0000006e                __vector_5
                0x0000006e                __vector_4
                0x0000006e                __vector_9
                0x0000006e                __vector_2
                0x0000006e                __vector_21
                0x0000006e                __vector_15
                0x0000006e                __vector_14
                0x0000006e                __vector_16
                0x0000006e                __vector_18
                0x0000006e                __vector_20
                0x00000072                . = ALIGN (0x2)
 *(.text.*)
 .text.atmel_start_init
                0x00000072        0xa atmel_start.o
                0x00000072                atmel_start_init
 .text.__vector_6
                0x0000007c       0x4e driver_isr.o
                0x0000007c                __vector_6
 .text.__vector_10
                0x000000ca       0x82 main.o
                0x000000ca                __vector_10
 .text.__vector_8
                0x0000014c       0x1e main.o
                0x0000014c                __vector_8
 .text.main     0x0000016a      0x1a4 main.o
                0x0000016a                main
 .text.qtm_measure_complete_callback
                0x0000030e        0xc qtouch/touch.o
 .text.qtm_post_process_complete
                0x0000031a       0x1e qtouch/touch.o
 .text.qtm_error_callback
                0x00000338       0x20 qtouch/touch.o
 .text.init_complete_callback
                0x00000358       0x56 qtouch/touch.o
 .text.Timer_set_period
                0x000003ae       0x16 qtouch/touch.o
                0x000003ae                Timer_set_period
 .text.touch_init
                0x000003c4       0x90 qtouch/touch.o
                0x000003c4                touch_init
 .text.touch_process
                0x00000454       0x78 qtouch/touch.o
                0x00000454                touch_process
 .text.touch_timer_handler
                0x000004cc       0x14 qtouch/touch.o
                0x000004cc                touch_timer_handler
 .text.get_sensor_state
                0x000004e0       0x1e qtouch/touch.o
                0x000004e0                get_sensor_state
 .text.__vector_17
                0x000004fe       0x48 qtouch/touch.o
                0x000004fe                __vector_17
 .text.BOD_init
                0x00000546        0x4 src/bod.o
                0x00000546                BOD_init
 .text.CLKCTRL_init
                0x0000054a        0x4 src/clkctrl.o
                0x0000054a                CLKCTRL_init
 .text.CPUINT_init
                0x0000054e        0x4 src/cpuint.o
                0x0000054e                CPUINT_init
 .text.mcu_init
                0x00000552       0x38 src/driver_init.o
                0x00000552                mcu_init
 .text.PWM_0_initialization
                0x0000058a       0x14 src/driver_init.o
                0x0000058a                PWM_0_initialization
 .text.system_init
                0x0000059e       0x22 src/driver_init.o
                0x0000059e                system_init
 .text.PWM_0_init
                0x000005c0       0x18 src/pwm_basic.o
                0x000005c0                PWM_0_init
 .text.PWM_0_enable_output_ch0
                0x000005d8        0xc src/pwm_basic.o
                0x000005d8                PWM_0_enable_output_ch0
 .text.PWM_0_load_counter
                0x000005e4        0xc src/pwm_basic.o
                0x000005e4                PWM_0_load_counter
 .text.PWM_0_load_duty_cycle_ch0
                0x000005f0       0x18 src/pwm_basic.o
                0x000005f0                PWM_0_load_duty_cycle_ch0
 .text.__vector_13
                0x00000608       0x28 src/pwm_basic.o
                0x00000608                __vector_13
 .text.Timer_init
                0x00000630       0x18 src/rtc.o
                0x00000630                Timer_init
 .text.SLPCTRL_init
                0x00000648        0x4 src/slpctrl.o
                0x00000648                SLPCTRL_init
 .text.TIMER_0_init
                0x0000064c       0x20 src/tca.o
                0x0000064c                TIMER_0_init
 .text.check_for_aks_block
                0x0000066c       0xd4 ../qtouch/lib/gcc\libqtm_touch_key_t817_0x0002.a(avr_touch_key_g_t817.o)
 .text.qtm_update_qtlib_timer
                0x00000740       0x16 ../qtouch/lib/gcc\libqtm_touch_key_t817_0x0002.a(avr_touch_key_g_t817.o)
                0x00000740                qtm_update_qtlib_timer
 .text.qtm_init_sensor_key
                0x00000756       0x3e ../qtouch/lib/gcc\libqtm_touch_key_t817_0x0002.a(avr_touch_key_g_t817.o)
                0x00000756                qtm_init_sensor_key
 .text.qtm_key_sensors_process
                0x00000794      0x882 ../qtouch/lib/gcc\libqtm_touch_key_t817_0x0002.a(avr_touch_key_g_t817.o)
                0x00000794                qtm_key_sensors_process
 .text.qtm_freq_hop_autotune
                0x00001016      0x326 ../qtouch/lib/gcc\libqtm_freq_hop_auto_t817_0x0004.a(avr_freq_hop_auto_g_t817.o)
                0x00001016                qtm_freq_hop_autotune
 .text.qtm_error_handler
                0x0000133c       0x1c ../qtouch/lib/gcc\libqtm_binding_layer_t817_0x0005.a(avr_binding_layer_g_t817.o)
 .text.generic_callback_function
                0x00001358       0x1a ../qtouch/lib/gcc\libqtm_binding_layer_t817_0x0005.a(avr_binding_layer_g_t817.o)
 .text.qmt_get_binding_layer_ptr
                0x00001372        0xa ../qtouch/lib/gcc\libqtm_binding_layer_t817_0x0005.a(avr_binding_layer_g_t817.o)
                0x00001372                qmt_get_binding_layer_ptr
 .text.qtm_binding_layer_init
                0x0000137c       0xbe ../qtouch/lib/gcc\libqtm_binding_layer_t817_0x0005.a(avr_binding_layer_g_t817.o)
                0x0000137c                qtm_binding_layer_init
 .text.qtm_lib_start_acquisition
                0x0000143a       0xa4 ../qtouch/lib/gcc\libqtm_binding_layer_t817_0x0005.a(avr_binding_layer_g_t817.o)
                0x0000143a                qtm_lib_start_acquisition
 .text.qtm_lib_acq_process
                0x000014de       0x10 ../qtouch/lib/gcc\libqtm_binding_layer_t817_0x0005.a(avr_binding_layer_g_t817.o)
                0x000014de                qtm_lib_acq_process
 .text.qtm_lib_post_process
                0x000014ee      0x12a ../qtouch/lib/gcc\libqtm_binding_layer_t817_0x0005.a(avr_binding_layer_g_t817.o)
                0x000014ee                qtm_lib_post_process
 .text.select_next_channel_to_measure
                0x00001618       0x66 ../qtouch/lib/gcc\libqtm_acq_runtime_t817_0x0008.a(avr_acq_runtime_g_t817.o)
 .text.qtm_measure_node
                0x0000167e      0x108 ../qtouch/lib/gcc\libqtm_acq_runtime_t817_0x0008.a(avr_acq_runtime_g_t817.o)
 .text.qtm_acquisition_process
                0x00001786      0x388 ../qtouch/lib/gcc\libqtm_acq_runtime_t817_0x0008.a(avr_acq_runtime_g_t817.o)
                0x00001786                qtm_acquisition_process
 .text.qtm_ptc_init_acquisition_module
                0x00001b0e       0x70 ../qtouch/lib/gcc\libqtm_acq_runtime_t817_0x0008.a(avr_acq_runtime_g_t817.o)
                0x00001b0e                qtm_ptc_init_acquisition_module
 .text.qtm_ptc_qtlib_assign_signal_memory
                0x00001b7e       0x14 ../qtouch/lib/gcc\libqtm_acq_runtime_t817_0x0008.a(avr_acq_runtime_g_t817.o)
                0x00001b7e                qtm_ptc_qtlib_assign_signal_memory
 .text.qtm_ptc_start_measurement_seq
                0x00001b92       0xc4 ../qtouch/lib/gcc\libqtm_acq_runtime_t817_0x0008.a(avr_acq_runtime_g_t817.o)
                0x00001b92                qtm_ptc_start_measurement_seq
 .text.qtm_enable_sensor_node
                0x00001c56       0x3e ../qtouch/lib/gcc\libqtm_acq_runtime_t817_0x0008.a(avr_acq_runtime_g_t817.o)
                0x00001c56                qtm_enable_sensor_node
 .text.qtm_calibrate_sensor_node
                0x00001c94       0x82 ../qtouch/lib/gcc\libqtm_acq_runtime_t817_0x0008.a(avr_acq_runtime_g_t817.o)
                0x00001c94                qtm_calibrate_sensor_node
 .text.qtm_t81x_ptc_handler_eoc
                0x00001d16       0x58 ../qtouch/lib/gcc\libqtm_acq_runtime_t817_0x0008.a(avr_acq_runtime_g_t817.o)
                0x00001d16                qtm_t81x_ptc_handler_eoc
                0x00001d6e                . = ALIGN (0x2)
 *(.fini9)
 .fini9         0x00001d6e        0x0 c:/program files (x86)/atmel/studio/7.0/toolchain/avr8/avr8-gnu-toolchain/bin/../lib/gcc/avr/5.4.0/avrxmega2\libgcc.a(_exit.o)
                0x00001d6e                _exit
                0x00001d6e                exit
 *(.fini9)
 *(.fini8)
 *(.fini8)
 *(.fini7)
 *(.fini7)
 *(.fini6)
 *(.fini6)
 *(.fini5)
 *(.fini5)
 *(.fini4)
 *(.fini4)
 *(.fini3)
 *(.fini3)
 *(.fini2)
 *(.fini2)
 *(.fini1)
 *(.fini1)
 *(.fini0)
 .fini0         0x00001d6e        0x4 c:/program files (x86)/atmel/studio/7.0/toolchain/avr8/avr8-gnu-toolchain/bin/../lib/gcc/avr/5.4.0/avrxmega2\libgcc.a(_exit.o)
 *(.fini0)
                0x00001d72                _etext = .

.data           0x00803e00       0x6a load address 0x00001d72
                0x00803e00                PROVIDE (__data_start, .)
 *(.data)
 *(.data*)
 .data.library_module_proc_data_model
                0x00803e00        0x6 qtouch/touch.o
                0x00803e00                library_module_proc_data_model
 .data.library_module_acq_engine_data_model
                0x00803e06        0x4 qtouch/touch.o
                0x00803e06                library_module_acq_engine_data_model
 .data.library_modules_acq_engines
                0x00803e0a        0x4 qtouch/touch.o
                0x00803e0a                library_modules_acq_engines
 .data.library_module_init_data_models
                0x00803e0e        0x4 qtouch/touch.o
                0x00803e0e                library_module_init_data_models
 .data.library_modules_proc
                0x00803e12        0x6 qtouch/touch.o
                0x00803e12                library_modules_proc
 .data.library_modules_init
                0x00803e18        0x4 qtouch/touch.o
                0x00803e18                library_modules_init
 .data.qtm_freq_hop_autotune_control1
                0x00803e1c        0x4 qtouch/touch.o
                0x00803e1c                qtm_freq_hop_autotune_control1
 .data.qtm_freq_hop_autotune_data1
                0x00803e20        0x8 qtouch/touch.o
                0x00803e20                qtm_freq_hop_autotune_data1
 .data.qtm_freq_hop_autotune_config1
                0x00803e28        0x9 qtouch/touch.o
                0x00803e28                qtm_freq_hop_autotune_config1
 .data.freq_hop_delay_selection
                0x00803e31        0x3 qtouch/touch.o
                0x00803e31                freq_hop_delay_selection
 .data.qtlib_key_set1
                0x00803e34        0x8 qtouch/touch.o
                0x00803e34                qtlib_key_set1
 .data.qtlib_key_configs_set1
                0x00803e3c        0x6 qtouch/touch.o
                0x00803e3c                qtlib_key_configs_set1
 .data.qtlib_key_grp_config_set1
                0x00803e42        0xa qtouch/touch.o
                0x00803e42                qtlib_key_grp_config_set1
 .data.qtlib_acq_set1
                0x00803e4c        0x6 qtouch/touch.o
                0x00803e4c                qtlib_acq_set1
 .data.ptc_seq_node_cfg1
                0x00803e52        0xc qtouch/touch.o
                0x00803e52                ptc_seq_node_cfg1
 .data.ptc_qtlib_acq_gen1
                0x00803e5e        0x5 qtouch/touch.o
                0x00803e5e                ptc_qtlib_acq_gen1
 *(.rodata)
 *(.rodata*)
 .rodata.gain_setting_int_cap
                0x00803e63        0x6 ../qtouch/lib/gcc\libqtm_acq_runtime_t817_0x0008.a(avr_acq_runtime_g_t817.o)
 *(.gnu.linkonce.d*)
                0x00803e6a                . = ALIGN (0x2)
 *fill*         0x00803e69        0x1 
                0x00803e6a                _edata = .
                0x00803e6a                PROVIDE (__data_end, .)

.bss            0x00803e6a       0x6a
                0x00803e6a                PROVIDE (__bss_start, .)
 *(.bss)
 *(.bss*)
 .bss._mstime   0x00803e6a        0x4 main.o
                0x00803e6a                _mstime
 .bss.key_status
                0x00803e6e        0x1 main.o
                0x00803e6e                key_status
 .bss.module_error_code
                0x00803e6f        0x1 qtouch/touch.o
                0x00803e6f                module_error_code
 .bss.callback_count.3613
                0x00803e70        0x1 src/pwm_basic.o
 .bss.qtm_local_ms_timecount
                0x00803e71        0x2 ../qtouch/lib/gcc\libqtm_touch_key_t817_0x0002.a(avr_touch_key_g_t817.o)
                0x00803e71                qtm_local_ms_timecount
 .bss.errors    0x00803e73        0x1 ../qtouch/lib/gcc\libqtm_binding_layer_t817_0x0005.a(avr_binding_layer_g_t817.o)
 .bss.current_module_id
                0x00803e74        0x1 ../qtouch/lib/gcc\libqtm_binding_layer_t817_0x0005.a(avr_binding_layer_g_t817.o)
 .bss.current_process_id
                0x00803e75        0x1 ../qtouch/lib/gcc\libqtm_binding_layer_t817_0x0005.a(avr_binding_layer_g_t817.o)
 .bss.qtm_state
                0x00803e76        0x1 ../qtouch/lib/gcc\libqtm_binding_layer_t817_0x0005.a(avr_binding_layer_g_t817.o)
                0x00803e76                qtm_state
 .bss.ptc_seq_measure_complete_pointer
                0x00803e77        0x2 ../qtouch/lib/gcc\libqtm_acq_runtime_t817_0x0008.a(avr_acq_runtime_g_t817.o)
 .bss.touch_seq_lib_state
                0x00803e79        0x1 ../qtouch/lib/gcc\libqtm_acq_runtime_t817_0x0008.a(avr_acq_runtime_g_t817.o)
 .bss.current_measure_channel
                0x00803e7a        0x2 ../qtouch/lib/gcc\libqtm_acq_runtime_t817_0x0008.a(avr_acq_runtime_g_t817.o)
 *(COMMON)
 COMMON         0x00803e7c        0x7 main.o
                0x00803e7c                fstate
                0x00803e7d                tGeneral8bit
                0x00803e7e                mDIMMER
                0x00803e7f                fsegno
                0x00803e80                tPressTime
                0x00803e82                sPressTime
 COMMON         0x00803e83       0x4b qtouch/touch.o
                0x00803e83                qstate
                0x00803e84                noise_filter_buffer
                0x00803e90                qtlib_key_grp_data_set1
                0x00803e96                freq_hop_autotune_counters
                0x00803e99                ptc_qtlib_node_stat1
                0x00803ea3                touch_acq_signals_raw
                0x00803ea7                p_qtm_control
                0x00803ea9                qtm_control
                0x00803ec2                qtlib_key_data_set1
 COMMON         0x00803ece        0x2 ../qtouch/lib/gcc\libqtm_binding_layer_t817_0x0005.a(avr_binding_layer_g_t817.o)
                0x00803ece                qtm
 COMMON         0x00803ed0        0x4 ../qtouch/lib/gcc\libqtm_acq_runtime_t817_0x0008.a(avr_acq_runtime_g_t817.o)
                0x00803ed0                qtm_acquisition_control_working_set_ptr
                0x00803ed2                qtm_raw_data_measurements_ptr
                0x00803ed4                PROVIDE (__bss_end, .)
                0x00001d72                __data_load_start = LOADADDR (.data)
                0x00001ddc                __data_load_end = (__data_load_start + SIZEOF (.data))

.noinit         0x00803ed4        0x0
                [!provide]                PROVIDE (__noinit_start, .)
 *(.noinit*)
                [!provide]                PROVIDE (__noinit_end, .)
                0x00803ed4                _end = .
                [!provide]                PROVIDE (__heap_start, .)

.eeprom         0x00810000        0x0
 *(.eeprom*)
                0x00810000                __eeprom_end = .

.fuse
 *(.fuse)
 *(.lfuse)
 *(.hfuse)
 *(.efuse)

.lock
 *(.lock*)

.signature
 *(.signature*)

.user_signatures
 *(.user_signatures*)

.stab
 *(.stab)

.stabstr
 *(.stabstr)

.stab.excl
 *(.stab.excl)

.stab.exclstr
 *(.stab.exclstr)

.stab.index
 *(.stab.index)

.stab.indexstr
 *(.stab.indexstr)

.comment        0x00000000       0x60
 *(.comment)
 .comment       0x00000000       0x30 atmel_start.o
                                 0x31 (size before relaxing)
 .comment       0x00000030       0x31 driver_isr.o
 .comment       0x00000030       0x31 main.o
 .comment       0x00000030       0x31 qtouch/touch.o
 .comment       0x00000030       0x31 src/bod.o
 .comment       0x00000030       0x31 src/clkctrl.o
 .comment       0x00000030       0x31 src/cpuint.o
 .comment       0x00000030       0x31 src/driver_init.o
 .comment       0x00000030       0x31 src/pwm_basic.o
 .comment       0x00000030       0x31 src/rtc.o
 .comment       0x00000030       0x31 src/slpctrl.o
 .comment       0x00000030       0x31 src/tca.o
 .comment       0x00000030       0x30 ../qtouch/lib/gcc\libqtm_touch_key_t817_0x0002.a(avr_touch_key_g_t817.o)
                                 0x31 (size before relaxing)
 .comment       0x00000060       0x31 ../qtouch/lib/gcc\libqtm_freq_hop_auto_t817_0x0004.a(avr_freq_hop_auto_g_t817.o)
 .comment       0x00000060       0x31 ../qtouch/lib/gcc\libqtm_binding_layer_t817_0x0005.a(avr_binding_layer_g_t817.o)
 .comment       0x00000060       0x31 ../qtouch/lib/gcc\libqtm_acq_runtime_t817_0x0008.a(avr_acq_runtime_g_t817.o)

.note.gnu.avr.deviceinfo
                0x00000000       0x3c
 .note.gnu.avr.deviceinfo
                0x00000000       0x3c C:/Program Files (x86)/Atmel/Studio/7.0/Packs/atmel/ATtiny_DFP/1.2.118/gcc/dev/attiny817/avrxmega2/crtattiny817.o

.note.gnu.build-id
 *(.note.gnu.build-id)

.debug
 *(.debug)

.line
 *(.line)

.debug_srcinfo
 *(.debug_srcinfo)

.debug_sfnames
 *(.debug_sfnames)

.debug_aranges  0x00000000      0x278
 *(.debug_aranges)
 .debug_aranges
                0x00000000       0x20 atmel_start.o
 .debug_aranges
                0x00000020       0x20 driver_isr.o
 .debug_aranges
                0x00000040       0x38 main.o
 .debug_aranges
                0x00000078       0xa0 qtouch/touch.o
 .debug_aranges
                0x00000118       0x20 src/bod.o
 .debug_aranges
                0x00000138       0x20 src/clkctrl.o
 .debug_aranges
                0x00000158       0x20 src/cpuint.o
 .debug_aranges
                0x00000178       0x38 src/driver_init.o
 .debug_aranges
                0x000001b0       0x68 src/pwm_basic.o
 .debug_aranges
                0x00000218       0x20 src/rtc.o
 .debug_aranges
                0x00000238       0x20 src/slpctrl.o
 .debug_aranges
                0x00000258       0x20 src/tca.o

.debug_pubnames
 *(.debug_pubnames)

.debug_info     0x00000000     0x5a26
 *(.debug_info .gnu.linkonce.wi.*)
 .debug_info    0x00000000     0x16bc C:/Program Files (x86)/Atmel/Studio/7.0/Packs/atmel/ATtiny_DFP/1.2.118/gcc/dev/attiny817/avrxmega2/crtattiny817.o
 .debug_info    0x000016bc       0xb0 atmel_start.o
 .debug_info    0x0000176c      0x364 driver_isr.o
 .debug_info    0x00001ad0      0xcae main.o
 .debug_info    0x0000277e     0x1732 qtouch/touch.o
 .debug_info    0x00003eb0       0x8d src/bod.o
 .debug_info    0x00003f3d       0x8d src/clkctrl.o
 .debug_info    0x00003fca       0x8d src/cpuint.o
 .debug_info    0x00004057      0x69f src/driver_init.o
 .debug_info    0x000046f6      0x3e3 src/pwm_basic.o
 .debug_info    0x00004ad9      0x3e0 src/rtc.o
 .debug_info    0x00004eb9       0x8d src/slpctrl.o
 .debug_info    0x00004f46      0xae0 src/tca.o

.debug_abbrev   0x00000000     0x21d8
 *(.debug_abbrev)
 .debug_abbrev  0x00000000     0x1582 C:/Program Files (x86)/Atmel/Studio/7.0/Packs/atmel/ATtiny_DFP/1.2.118/gcc/dev/attiny817/avrxmega2/crtattiny817.o
 .debug_abbrev  0x00001582       0x63 atmel_start.o
 .debug_abbrev  0x000015e5       0xf1 driver_isr.o
 .debug_abbrev  0x000016d6      0x17f main.o
 .debug_abbrev  0x00001855      0x349 qtouch/touch.o
 .debug_abbrev  0x00001b9e       0x51 src/bod.o
 .debug_abbrev  0x00001bef       0x51 src/clkctrl.o
 .debug_abbrev  0x00001c40       0x51 src/cpuint.o
 .debug_abbrev  0x00001c91      0x1a8 src/driver_init.o
 .debug_abbrev  0x00001e39      0x18a src/pwm_basic.o
 .debug_abbrev  0x00001fc3       0xd4 src/rtc.o
 .debug_abbrev  0x00002097       0x51 src/slpctrl.o
 .debug_abbrev  0x000020e8       0xf0 src/tca.o

.debug_line     0x00000000     0x13c7
 *(.debug_line .debug_line.* .debug_line_end)
 .debug_line    0x00000000      0x133 C:/Program Files (x86)/Atmel/Studio/7.0/Packs/atmel/ATtiny_DFP/1.2.118/gcc/dev/attiny817/avrxmega2/crtattiny817.o
 .debug_line    0x00000133       0x8b atmel_start.o
 .debug_line    0x000001be      0x113 driver_isr.o
 .debug_line    0x000002d1      0x341 main.o
 .debug_line    0x00000612      0x45e qtouch/touch.o
 .debug_line    0x00000a70       0xa2 src/bod.o
 .debug_line    0x00000b12       0xa6 src/clkctrl.o
 .debug_line    0x00000bb8       0xa5 src/cpuint.o
 .debug_line    0x00000c5d      0x25f src/driver_init.o
 .debug_line    0x00000ebc      0x227 src/pwm_basic.o
 .debug_line    0x000010e3      0x11e src/rtc.o
 .debug_line    0x00001201       0xa6 src/slpctrl.o
 .debug_line    0x000012a7      0x120 src/tca.o

.debug_frame    0x00000000      0x478
 *(.debug_frame)
 .debug_frame   0x00000000       0x24 atmel_start.o
 .debug_frame   0x00000024       0x6c driver_isr.o
 .debug_frame   0x00000090       0x8c main.o
 .debug_frame   0x0000011c      0x16c qtouch/touch.o
 .debug_frame   0x00000288       0x24 src/bod.o
 .debug_frame   0x000002ac       0x24 src/clkctrl.o
 .debug_frame   0x000002d0       0x24 src/cpuint.o
 .debug_frame   0x000002f4       0x54 src/driver_init.o
 .debug_frame   0x00000348       0xc4 src/pwm_basic.o
 .debug_frame   0x0000040c       0x24 src/rtc.o
 .debug_frame   0x00000430       0x24 src/slpctrl.o
 .debug_frame   0x00000454       0x24 src/tca.o

.debug_str      0x00000000     0x2ae2
 *(.debug_str)
 .debug_str     0x00000000      0x9a7 C:/Program Files (x86)/Atmel/Studio/7.0/Packs/atmel/ATtiny_DFP/1.2.118/gcc/dev/attiny817/avrxmega2/crtattiny817.o
 .debug_str     0x000009a7      0x14a atmel_start.o
                                0x17e (size before relaxing)
 .debug_str     0x00000af1      0x185 driver_isr.o
                                0x2f8 (size before relaxing)
 .debug_str     0x00000c76      0x3ff main.o
                                0x67a (size before relaxing)
 .debug_str     0x00001075     0x127b qtouch/touch.o
                               0x162f (size before relaxing)
 .debug_str     0x000022f0       0x16 src/bod.o
                                0x160 (size before relaxing)
 .debug_str     0x00002306       0x1e src/clkctrl.o
                                0x168 (size before relaxing)
 .debug_str     0x00002324       0x1c src/cpuint.o
                                0x166 (size before relaxing)
 .debug_str     0x00002340      0x139 src/driver_init.o
                                0x466 (size before relaxing)
 .debug_str     0x00002479      0x215 src/pwm_basic.o
                                0x437 (size before relaxing)
 .debug_str     0x0000268e      0x201 src/rtc.o
                                0x4da (size before relaxing)
 .debug_str     0x0000288f       0x11 src/slpctrl.o
                                0x168 (size before relaxing)
 .debug_str     0x000028a0      0x242 src/tca.o
                                0x7d7 (size before relaxing)

.debug_loc      0x00000000      0x565
 *(.debug_loc)
 .debug_loc     0x00000000       0xcb driver_isr.o
 .debug_loc     0x000000cb       0xb9 main.o
 .debug_loc     0x00000184      0x312 qtouch/touch.o
 .debug_loc     0x00000496       0x72 src/driver_init.o
 .debug_loc     0x00000508       0x5d src/pwm_basic.o

.debug_macinfo
 *(.debug_macinfo)

.debug_weaknames
 *(.debug_weaknames)

.debug_funcnames
 *(.debug_funcnames)

.debug_typenames
 *(.debug_typenames)

.debug_varnames
 *(.debug_varnames)

.debug_pubtypes
 *(.debug_pubtypes)

.debug_ranges   0x00000000      0x1b8
 *(.debug_ranges)
 .debug_ranges  0x00000000       0x10 atmel_start.o
 .debug_ranges  0x00000010       0x10 driver_isr.o
 .debug_ranges  0x00000020       0x28 main.o
 .debug_ranges  0x00000048       0x90 qtouch/touch.o
 .debug_ranges  0x000000d8       0x10 src/bod.o
 .debug_ranges  0x000000e8       0x10 src/clkctrl.o
 .debug_ranges  0x000000f8       0x10 src/cpuint.o
 .debug_ranges  0x00000108       0x28 src/driver_init.o
 .debug_ranges  0x00000130       0x58 src/pwm_basic.o
 .debug_ranges  0x00000188       0x10 src/rtc.o
 .debug_ranges  0x00000198       0x10 src/slpctrl.o
 .debug_ranges  0x000001a8       0x10 src/tca.o

.debug_macro
 *(.debug_macro)
OUTPUT(DimmerTouch.elf elf32-avr)
LOAD linker stubs
