Archive member included to satisfy reference by file (symbol)

../qtouch/lib/gcc\libqtm_touch_key_t817_0x0002.a(avr_touch_key_g_t817.o)
                              qtouch/touch.o (qtm_update_qtlib_timer)
../qtouch/lib/gcc\libqtm_binding_layer_t817_0x0005.a(avr_binding_layer_g_t817.o)
                              qtouch/touch.o (qmt_get_binding_layer_ptr)
../qtouch/lib/gcc\libqtm_acq_runtime_t817_0x0008.a(avr_acq_runtime_g_t817.o)
                              qtouch/touch.o (qtm_acquisition_process)
c:/program files (x86)/atmel/studio/7.0/toolchain/avr8/avr8-gnu-toolchain/bin/../lib/gcc/avr/5.4.0/avrxmega2\libgcc.a(_exit.o)
                              C:/Program Files (x86)/Atmel/Studio/7.0/Packs/atmel/ATtiny_DFP/1.2.118/gcc/dev/attiny817/avrxmega2/crtattiny817.o (exit)
c:/program files (x86)/atmel/studio/7.0/toolchain/avr8/avr8-gnu-toolchain/bin/../lib/gcc/avr/5.4.0/avrxmega2\libgcc.a(_copy_data.o)
                              examples/src/usart_basic_example.o (__do_copy_data)
c:/program files (x86)/atmel/studio/7.0/toolchain/avr8/avr8-gnu-toolchain/bin/../lib/gcc/avr/5.4.0/avrxmega2\libgcc.a(_clear_bss.o)
                              examples/src/usart_basic_example.o (__do_clear_bss)
c:/program files (x86)/atmel/studio/7.0/toolchain/avr8/avr8-gnu-toolchain/bin/../lib/gcc/avr/5.4.0/../../../../avr/lib/avrxmega2\libc.a(strncmp.o)
                              examples/src/usart_basic_example.o (strncmp)
c:/program files (x86)/atmel/studio/7.0/toolchain/avr8/avr8-gnu-toolchain/bin/../lib/gcc/avr/5.4.0/../../../../avr/lib/avrxmega2\libc.a(printf.o)
                              examples/src/usart_basic_example.o (printf)
c:/program files (x86)/atmel/studio/7.0/toolchain/avr8/avr8-gnu-toolchain/bin/../lib/gcc/avr/5.4.0/../../../../avr/lib/avrxmega2\libc.a(vfprintf_std.o)
                              c:/program files (x86)/atmel/studio/7.0/toolchain/avr8/avr8-gnu-toolchain/bin/../lib/gcc/avr/5.4.0/../../../../avr/lib/avrxmega2\libc.a(printf.o) (vfprintf)
c:/program files (x86)/atmel/studio/7.0/toolchain/avr8/avr8-gnu-toolchain/bin/../lib/gcc/avr/5.4.0/../../../../avr/lib/avrxmega2\libc.a(strnlen_P.o)
                              c:/program files (x86)/atmel/studio/7.0/toolchain/avr8/avr8-gnu-toolchain/bin/../lib/gcc/avr/5.4.0/../../../../avr/lib/avrxmega2\libc.a(vfprintf_std.o) (strnlen_P)
c:/program files (x86)/atmel/studio/7.0/toolchain/avr8/avr8-gnu-toolchain/bin/../lib/gcc/avr/5.4.0/../../../../avr/lib/avrxmega2\libc.a(strnlen.o)
                              c:/program files (x86)/atmel/studio/7.0/toolchain/avr8/avr8-gnu-toolchain/bin/../lib/gcc/avr/5.4.0/../../../../avr/lib/avrxmega2\libc.a(vfprintf_std.o) (strnlen)
c:/program files (x86)/atmel/studio/7.0/toolchain/avr8/avr8-gnu-toolchain/bin/../lib/gcc/avr/5.4.0/../../../../avr/lib/avrxmega2\libc.a(fputc.o)
                              c:/program files (x86)/atmel/studio/7.0/toolchain/avr8/avr8-gnu-toolchain/bin/../lib/gcc/avr/5.4.0/../../../../avr/lib/avrxmega2\libc.a(vfprintf_std.o) (fputc)
c:/program files (x86)/atmel/studio/7.0/toolchain/avr8/avr8-gnu-toolchain/bin/../lib/gcc/avr/5.4.0/../../../../avr/lib/avrxmega2\libc.a(iob.o)
                              c:/program files (x86)/atmel/studio/7.0/toolchain/avr8/avr8-gnu-toolchain/bin/../lib/gcc/avr/5.4.0/../../../../avr/lib/avrxmega2\libc.a(printf.o) (__iob)
c:/program files (x86)/atmel/studio/7.0/toolchain/avr8/avr8-gnu-toolchain/bin/../lib/gcc/avr/5.4.0/../../../../avr/lib/avrxmega2\libc.a(ultoa_invert.o)
                              c:/program files (x86)/atmel/studio/7.0/toolchain/avr8/avr8-gnu-toolchain/bin/../lib/gcc/avr/5.4.0/../../../../avr/lib/avrxmega2\libc.a(vfprintf_std.o) (__ultoa_invert)
c:/program files (x86)/atmel/studio/7.0/toolchain/avr8/avr8-gnu-toolchain/bin/../lib/gcc/avr/5.4.0/avrxmega2\libgcc.a(_prologue.o)
                              c:/program files (x86)/atmel/studio/7.0/toolchain/avr8/avr8-gnu-toolchain/bin/../lib/gcc/avr/5.4.0/../../../../avr/lib/avrxmega2\libc.a(printf.o) (__prologue_saves__)
c:/program files (x86)/atmel/studio/7.0/toolchain/avr8/avr8-gnu-toolchain/bin/../lib/gcc/avr/5.4.0/avrxmega2\libgcc.a(_epilogue.o)
                              c:/program files (x86)/atmel/studio/7.0/toolchain/avr8/avr8-gnu-toolchain/bin/../lib/gcc/avr/5.4.0/../../../../avr/lib/avrxmega2\libc.a(printf.o) (__epilogue_restores__)

Allocating common symbols
Common symbol       size              file

qstate              0x1               qtouch/touch.o
qtlib_key_grp_data_set1
                    0x6               qtouch/touch.o
qtm_acquisition_control_working_set_ptr
                    0x2               ../qtouch/lib/gcc\libqtm_acq_runtime_t817_0x0008.a(avr_acq_runtime_g_t817.o)
ptc_qtlib_node_stat1
                    0xa               qtouch/touch.o
touch_acq_signals_raw
                    0x4               qtouch/touch.o
p_qtm_control       0x2               qtouch/touch.o
qtm_control         0x19              qtouch/touch.o
qtlib_key_data_set1
                    0xc               qtouch/touch.o
qtm_raw_data_measurements_ptr
                    0x2               ../qtouch/lib/gcc\libqtm_acq_runtime_t817_0x0008.a(avr_acq_runtime_g_t817.o)
__iob               0x6               c:/program files (x86)/atmel/studio/7.0/toolchain/avr8/avr8-gnu-toolchain/bin/../lib/gcc/avr/5.4.0/../../../../avr/lib/avrxmega2\libc.a(iob.o)
qtm                 0x2               ../qtouch/lib/gcc\libqtm_binding_layer_t817_0x0005.a(avr_binding_layer_g_t817.o)

Discarded input sections

 .data          0x00000000        0x0 C:/Program Files (x86)/Atmel/Studio/7.0/Packs/atmel/ATtiny_DFP/1.2.118/gcc/dev/attiny817/avrxmega2/crtattiny817.o
 .bss           0x00000000        0x0 C:/Program Files (x86)/Atmel/Studio/7.0/Packs/atmel/ATtiny_DFP/1.2.118/gcc/dev/attiny817/avrxmega2/crtattiny817.o
 .text          0x00000000        0x0 atmel_start.o
 .data          0x00000000        0x0 atmel_start.o
 .bss           0x00000000        0x0 atmel_start.o
 .text          0x00000000        0x0 driver_isr.o
 .data          0x00000000        0x0 driver_isr.o
 .bss           0x00000000        0x0 driver_isr.o
 .text          0x00000000        0x0 examples/src/usart_basic_example.o
 .data          0x00000000        0x0 examples/src/usart_basic_example.o
 .bss           0x00000000        0x0 examples/src/usart_basic_example.o
 .rodata.str1.1
                0x00000000        0x9 examples/src/usart_basic_example.o
 .text.USART_test_usart_basic
                0x00000000       0x6e examples/src/usart_basic_example.o
 .bss.rx        0x00000000       0x10 examples/src/usart_basic_example.o
 .debug_info    0x00000000      0x13f examples/src/usart_basic_example.o
 .debug_abbrev  0x00000000       0xcd examples/src/usart_basic_example.o
 .debug_loc     0x00000000       0xbe examples/src/usart_basic_example.o
 .debug_aranges
                0x00000000       0x20 examples/src/usart_basic_example.o
 .debug_ranges  0x00000000       0x10 examples/src/usart_basic_example.o
 .debug_line    0x00000000      0x12c examples/src/usart_basic_example.o
 .debug_str     0x00000000      0x199 examples/src/usart_basic_example.o
 .comment       0x00000000       0x31 examples/src/usart_basic_example.o
 .debug_frame   0x00000000       0x4c examples/src/usart_basic_example.o
 .text          0x00000000        0x0 main.o
 .data          0x00000000        0x0 main.o
 .bss           0x00000000        0x0 main.o
 .text          0x00000000        0x0 qtouch/datastreamer/datastreamer_UART_avr.o
 .data          0x00000000        0x0 qtouch/datastreamer/datastreamer_UART_avr.o
 .bss           0x00000000        0x0 qtouch/datastreamer/datastreamer_UART_avr.o
 .text          0x00000000        0x0 qtouch/touch.o
 .data          0x00000000        0x0 qtouch/touch.o
 .bss           0x00000000        0x0 qtouch/touch.o
 .text.update_sensor_node_signal
                0x00000000       0x1a qtouch/touch.o
 .text.update_sensor_node_reference
                0x00000000       0x1a qtouch/touch.o
 .text.update_sensor_cc_val
                0x00000000       0x1a qtouch/touch.o
 .text.update_sensor_state
                0x00000000       0x1e qtouch/touch.o
 .text          0x00000000        0x0 src/bod.o
 .data          0x00000000        0x0 src/bod.o
 .bss           0x00000000        0x0 src/bod.o
 .text          0x00000000        0x0 src/clkctrl.o
 .data          0x00000000        0x0 src/clkctrl.o
 .bss           0x00000000        0x0 src/clkctrl.o
 .text          0x00000000        0x0 src/cpuint.o
 .data          0x00000000        0x0 src/cpuint.o
 .bss           0x00000000        0x0 src/cpuint.o
 .text          0x00000000        0x0 src/driver_init.o
 .data          0x00000000        0x0 src/driver_init.o
 .bss           0x00000000        0x0 src/driver_init.o
 .text          0x00000000        0x0 src/protected_io.o
 .data          0x00000000        0x0 src/protected_io.o
 .bss           0x00000000        0x0 src/protected_io.o
 .text.protected_write_io
                0x00000000        0x8 src/protected_io.o
 .debug_line    0x00000000       0x55 src/protected_io.o
 .debug_info    0x00000000       0x51 src/protected_io.o
 .debug_abbrev  0x00000000       0x14 src/protected_io.o
 .debug_aranges
                0x00000000       0x20 src/protected_io.o
 .text          0x00000000        0x0 src/rtc.o
 .data          0x00000000        0x0 src/rtc.o
 .bss           0x00000000        0x0 src/rtc.o
 .text          0x00000000        0x0 src/slpctrl.o
 .data          0x00000000        0x0 src/slpctrl.o
 .bss           0x00000000        0x0 src/slpctrl.o
 .text          0x00000000        0x0 src/usart_basic.o
 .data          0x00000000        0x0 src/usart_basic.o
 .bss           0x00000000        0x0 src/usart_basic.o
 .text.USART_enable
                0x00000000        0xc src/usart_basic.o
 .text.USART_enable_rx
                0x00000000        0xc src/usart_basic.o
 .text.USART_enable_tx
                0x00000000        0xc src/usart_basic.o
 .text.USART_disable
                0x00000000        0xc src/usart_basic.o
 .text.USART_is_rx_ready
                0x00000000        0xc src/usart_basic.o
 .text.USART_read
                0x00000000       0x10 src/usart_basic.o
 .text          0x00000000        0x0 touch_example.o
 .data          0x00000000        0x0 touch_example.o
 .bss           0x00000000        0x0 touch_example.o
 .debug_line    0x00000000        0x0 touch_example.o
 .debug_str     0x00000000       0xda touch_example.o
 .comment       0x00000000       0x31 touch_example.o
 .text          0x00000000        0x0 ../qtouch/lib/gcc\libqtm_touch_key_t817_0x0002.a(avr_touch_key_g_t817.o)
 .data          0x00000000        0x0 ../qtouch/lib/gcc\libqtm_touch_key_t817_0x0002.a(avr_touch_key_g_t817.o)
 .bss           0x00000000        0x0 ../qtouch/lib/gcc\libqtm_touch_key_t817_0x0002.a(avr_touch_key_g_t817.o)
 .text.qtm_key_suspend
                0x00000000       0x4e ../qtouch/lib/gcc\libqtm_touch_key_t817_0x0002.a(avr_touch_key_g_t817.o)
 .text.qtm_key_resume
                0x00000000       0x4e ../qtouch/lib/gcc\libqtm_touch_key_t817_0x0002.a(avr_touch_key_g_t817.o)
 .text.qtm_get_touch_keys_module_id
                0x00000000        0x6 ../qtouch/lib/gcc\libqtm_touch_key_t817_0x0002.a(avr_touch_key_g_t817.o)
 .text.qtm_get_touch_keys_module_ver
                0x00000000        0x4 ../qtouch/lib/gcc\libqtm_touch_key_t817_0x0002.a(avr_touch_key_g_t817.o)
 .text          0x00000000        0x0 ../qtouch/lib/gcc\libqtm_binding_layer_t817_0x0005.a(avr_binding_layer_g_t817.o)
 .data          0x00000000        0x0 ../qtouch/lib/gcc\libqtm_binding_layer_t817_0x0005.a(avr_binding_layer_g_t817.o)
 .bss           0x00000000        0x0 ../qtouch/lib/gcc\libqtm_binding_layer_t817_0x0005.a(avr_binding_layer_g_t817.o)
 .text.qtm_lib_get_state
                0x00000000        0x6 ../qtouch/lib/gcc\libqtm_binding_layer_t817_0x0005.a(avr_binding_layer_g_t817.o)
 .text.qtm_get_binding_layer_module_id
                0x00000000        0x6 ../qtouch/lib/gcc\libqtm_binding_layer_t817_0x0005.a(avr_binding_layer_g_t817.o)
 .text.qtm_get_binding_layer_module_version
                0x00000000        0x4 ../qtouch/lib/gcc\libqtm_binding_layer_t817_0x0005.a(avr_binding_layer_g_t817.o)
 .text          0x00000000        0x0 ../qtouch/lib/gcc\libqtm_acq_runtime_t817_0x0008.a(avr_acq_runtime_g_t817.o)
 .data          0x00000000        0x0 ../qtouch/lib/gcc\libqtm_acq_runtime_t817_0x0008.a(avr_acq_runtime_g_t817.o)
 .bss           0x00000000        0x0 ../qtouch/lib/gcc\libqtm_acq_runtime_t817_0x0008.a(avr_acq_runtime_g_t817.o)
 .text.qtm_autoscan_sensor_node
                0x00000000      0x238 ../qtouch/lib/gcc\libqtm_acq_runtime_t817_0x0008.a(avr_acq_runtime_g_t817.o)
 .text.qtm_autoscan_node_cancel
                0x00000000        0xe ../qtouch/lib/gcc\libqtm_acq_runtime_t817_0x0008.a(avr_acq_runtime_g_t817.o)
 .text.qtm_t81x_ptc_handler_wcomp
                0x00000000       0x8c ../qtouch/lib/gcc\libqtm_acq_runtime_t817_0x0008.a(avr_acq_runtime_g_t817.o)
 .text.qtm_ptc_de_init
                0x00000000        0xa ../qtouch/lib/gcc\libqtm_acq_runtime_t817_0x0008.a(avr_acq_runtime_g_t817.o)
 .text.qtm_t81x_acq_module_get_id
                0x00000000        0x6 ../qtouch/lib/gcc\libqtm_acq_runtime_t817_0x0008.a(avr_acq_runtime_g_t817.o)
 .text.qtm_t81x_acq_module_get_version
                0x00000000        0x4 ../qtouch/lib/gcc\libqtm_acq_runtime_t817_0x0008.a(avr_acq_runtime_g_t817.o)
 .bss.ptc_wcomp_happened_pointer
                0x00000000        0x2 ../qtouch/lib/gcc\libqtm_acq_runtime_t817_0x0008.a(avr_acq_runtime_g_t817.o)
 .text          0x00000000        0x0 c:/program files (x86)/atmel/studio/7.0/toolchain/avr8/avr8-gnu-toolchain/bin/../lib/gcc/avr/5.4.0/avrxmega2\libgcc.a(_exit.o)
 .data          0x00000000        0x0 c:/program files (x86)/atmel/studio/7.0/toolchain/avr8/avr8-gnu-toolchain/bin/../lib/gcc/avr/5.4.0/avrxmega2\libgcc.a(_exit.o)
 .bss           0x00000000        0x0 c:/program files (x86)/atmel/studio/7.0/toolchain/avr8/avr8-gnu-toolchain/bin/../lib/gcc/avr/5.4.0/avrxmega2\libgcc.a(_exit.o)
 .text.libgcc.mul
                0x00000000        0x0 c:/program files (x86)/atmel/studio/7.0/toolchain/avr8/avr8-gnu-toolchain/bin/../lib/gcc/avr/5.4.0/avrxmega2\libgcc.a(_exit.o)
 .text.libgcc.div
                0x00000000        0x0 c:/program files (x86)/atmel/studio/7.0/toolchain/avr8/avr8-gnu-toolchain/bin/../lib/gcc/avr/5.4.0/avrxmega2\libgcc.a(_exit.o)
 .text.libgcc   0x00000000        0x0 c:/program files (x86)/atmel/studio/7.0/toolchain/avr8/avr8-gnu-toolchain/bin/../lib/gcc/avr/5.4.0/avrxmega2\libgcc.a(_exit.o)
 .text.libgcc.prologue
                0x00000000        0x0 c:/program files (x86)/atmel/studio/7.0/toolchain/avr8/avr8-gnu-toolchain/bin/../lib/gcc/avr/5.4.0/avrxmega2\libgcc.a(_exit.o)
 .text.libgcc.builtins
                0x00000000        0x0 c:/program files (x86)/atmel/studio/7.0/toolchain/avr8/avr8-gnu-toolchain/bin/../lib/gcc/avr/5.4.0/avrxmega2\libgcc.a(_exit.o)
 .text.libgcc.fmul
                0x00000000        0x0 c:/program files (x86)/atmel/studio/7.0/toolchain/avr8/avr8-gnu-toolchain/bin/../lib/gcc/avr/5.4.0/avrxmega2\libgcc.a(_exit.o)
 .text.libgcc.fixed
                0x00000000        0x0 c:/program files (x86)/atmel/studio/7.0/toolchain/avr8/avr8-gnu-toolchain/bin/../lib/gcc/avr/5.4.0/avrxmega2\libgcc.a(_exit.o)
 .text          0x00000000        0x0 c:/program files (x86)/atmel/studio/7.0/toolchain/avr8/avr8-gnu-toolchain/bin/../lib/gcc/avr/5.4.0/avrxmega2\libgcc.a(_copy_data.o)
 .data          0x00000000        0x0 c:/program files (x86)/atmel/studio/7.0/toolchain/avr8/avr8-gnu-toolchain/bin/../lib/gcc/avr/5.4.0/avrxmega2\libgcc.a(_copy_data.o)
 .bss           0x00000000        0x0 c:/program files (x86)/atmel/studio/7.0/toolchain/avr8/avr8-gnu-toolchain/bin/../lib/gcc/avr/5.4.0/avrxmega2\libgcc.a(_copy_data.o)
 .text.libgcc.mul
                0x00000000        0x0 c:/program files (x86)/atmel/studio/7.0/toolchain/avr8/avr8-gnu-toolchain/bin/../lib/gcc/avr/5.4.0/avrxmega2\libgcc.a(_copy_data.o)
 .text.libgcc.div
                0x00000000        0x0 c:/program files (x86)/atmel/studio/7.0/toolchain/avr8/avr8-gnu-toolchain/bin/../lib/gcc/avr/5.4.0/avrxmega2\libgcc.a(_copy_data.o)
 .text.libgcc   0x00000000        0x0 c:/program files (x86)/atmel/studio/7.0/toolchain/avr8/avr8-gnu-toolchain/bin/../lib/gcc/avr/5.4.0/avrxmega2\libgcc.a(_copy_data.o)
 .text.libgcc.prologue
                0x00000000        0x0 c:/program files (x86)/atmel/studio/7.0/toolchain/avr8/avr8-gnu-toolchain/bin/../lib/gcc/avr/5.4.0/avrxmega2\libgcc.a(_copy_data.o)
 .text.libgcc.builtins
                0x00000000        0x0 c:/program files (x86)/atmel/studio/7.0/toolchain/avr8/avr8-gnu-toolchain/bin/../lib/gcc/avr/5.4.0/avrxmega2\libgcc.a(_copy_data.o)
 .text.libgcc.fmul
                0x00000000        0x0 c:/program files (x86)/atmel/studio/7.0/toolchain/avr8/avr8-gnu-toolchain/bin/../lib/gcc/avr/5.4.0/avrxmega2\libgcc.a(_copy_data.o)
 .text.libgcc.fixed
                0x00000000        0x0 c:/program files (x86)/atmel/studio/7.0/toolchain/avr8/avr8-gnu-toolchain/bin/../lib/gcc/avr/5.4.0/avrxmega2\libgcc.a(_copy_data.o)
 .text          0x00000000        0x0 c:/program files (x86)/atmel/studio/7.0/toolchain/avr8/avr8-gnu-toolchain/bin/../lib/gcc/avr/5.4.0/avrxmega2\libgcc.a(_clear_bss.o)
 .data          0x00000000        0x0 c:/program files (x86)/atmel/studio/7.0/toolchain/avr8/avr8-gnu-toolchain/bin/../lib/gcc/avr/5.4.0/avrxmega2\libgcc.a(_clear_bss.o)
 .bss           0x00000000        0x0 c:/program files (x86)/atmel/studio/7.0/toolchain/avr8/avr8-gnu-toolchain/bin/../lib/gcc/avr/5.4.0/avrxmega2\libgcc.a(_clear_bss.o)
 .text.libgcc.mul
                0x00000000        0x0 c:/program files (x86)/atmel/studio/7.0/toolchain/avr8/avr8-gnu-toolchain/bin/../lib/gcc/avr/5.4.0/avrxmega2\libgcc.a(_clear_bss.o)
 .text.libgcc.div
                0x00000000        0x0 c:/program files (x86)/atmel/studio/7.0/toolchain/avr8/avr8-gnu-toolchain/bin/../lib/gcc/avr/5.4.0/avrxmega2\libgcc.a(_clear_bss.o)
 .text.libgcc   0x00000000        0x0 c:/program files (x86)/atmel/studio/7.0/toolchain/avr8/avr8-gnu-toolchain/bin/../lib/gcc/avr/5.4.0/avrxmega2\libgcc.a(_clear_bss.o)
 .text.libgcc.prologue
                0x00000000        0x0 c:/program files (x86)/atmel/studio/7.0/toolchain/avr8/avr8-gnu-toolchain/bin/../lib/gcc/avr/5.4.0/avrxmega2\libgcc.a(_clear_bss.o)
 .text.libgcc.builtins
                0x00000000        0x0 c:/program files (x86)/atmel/studio/7.0/toolchain/avr8/avr8-gnu-toolchain/bin/../lib/gcc/avr/5.4.0/avrxmega2\libgcc.a(_clear_bss.o)
 .text.libgcc.fmul
                0x00000000        0x0 c:/program files (x86)/atmel/studio/7.0/toolchain/avr8/avr8-gnu-toolchain/bin/../lib/gcc/avr/5.4.0/avrxmega2\libgcc.a(_clear_bss.o)
 .text.libgcc.fixed
                0x00000000        0x0 c:/program files (x86)/atmel/studio/7.0/toolchain/avr8/avr8-gnu-toolchain/bin/../lib/gcc/avr/5.4.0/avrxmega2\libgcc.a(_clear_bss.o)
 .text          0x00000000        0x0 c:/program files (x86)/atmel/studio/7.0/toolchain/avr8/avr8-gnu-toolchain/bin/../lib/gcc/avr/5.4.0/../../../../avr/lib/avrxmega2\libc.a(strncmp.o)
 .data          0x00000000        0x0 c:/program files (x86)/atmel/studio/7.0/toolchain/avr8/avr8-gnu-toolchain/bin/../lib/gcc/avr/5.4.0/../../../../avr/lib/avrxmega2\libc.a(strncmp.o)
 .bss           0x00000000        0x0 c:/program files (x86)/atmel/studio/7.0/toolchain/avr8/avr8-gnu-toolchain/bin/../lib/gcc/avr/5.4.0/../../../../avr/lib/avrxmega2\libc.a(strncmp.o)
 .text.avr-libc
                0x00000000       0x1c c:/program files (x86)/atmel/studio/7.0/toolchain/avr8/avr8-gnu-toolchain/bin/../lib/gcc/avr/5.4.0/../../../../avr/lib/avrxmega2\libc.a(strncmp.o)
 .text          0x00000000        0x0 c:/program files (x86)/atmel/studio/7.0/toolchain/avr8/avr8-gnu-toolchain/bin/../lib/gcc/avr/5.4.0/../../../../avr/lib/avrxmega2\libc.a(printf.o)
 .data          0x00000000        0x0 c:/program files (x86)/atmel/studio/7.0/toolchain/avr8/avr8-gnu-toolchain/bin/../lib/gcc/avr/5.4.0/../../../../avr/lib/avrxmega2\libc.a(printf.o)
 .bss           0x00000000        0x0 c:/program files (x86)/atmel/studio/7.0/toolchain/avr8/avr8-gnu-toolchain/bin/../lib/gcc/avr/5.4.0/../../../../avr/lib/avrxmega2\libc.a(printf.o)
 .text.avr-libc
                0x00000000       0x2c c:/program files (x86)/atmel/studio/7.0/toolchain/avr8/avr8-gnu-toolchain/bin/../lib/gcc/avr/5.4.0/../../../../avr/lib/avrxmega2\libc.a(printf.o)
 .comment       0x00000000       0x31 c:/program files (x86)/atmel/studio/7.0/toolchain/avr8/avr8-gnu-toolchain/bin/../lib/gcc/avr/5.4.0/../../../../avr/lib/avrxmega2\libc.a(printf.o)
 .text          0x00000000        0x0 c:/program files (x86)/atmel/studio/7.0/toolchain/avr8/avr8-gnu-toolchain/bin/../lib/gcc/avr/5.4.0/../../../../avr/lib/avrxmega2\libc.a(vfprintf_std.o)
 .data          0x00000000        0x0 c:/program files (x86)/atmel/studio/7.0/toolchain/avr8/avr8-gnu-toolchain/bin/../lib/gcc/avr/5.4.0/../../../../avr/lib/avrxmega2\libc.a(vfprintf_std.o)
 .bss           0x00000000        0x0 c:/program files (x86)/atmel/studio/7.0/toolchain/avr8/avr8-gnu-toolchain/bin/../lib/gcc/avr/5.4.0/../../../../avr/lib/avrxmega2\libc.a(vfprintf_std.o)
 .text.avr-libc
                0x00000000      0x3c2 c:/program files (x86)/atmel/studio/7.0/toolchain/avr8/avr8-gnu-toolchain/bin/../lib/gcc/avr/5.4.0/../../../../avr/lib/avrxmega2\libc.a(vfprintf_std.o)
 .comment       0x00000000       0x2d c:/program files (x86)/atmel/studio/7.0/toolchain/avr8/avr8-gnu-toolchain/bin/../lib/gcc/avr/5.4.0/../../../../avr/lib/avrxmega2\libc.a(vfprintf_std.o)
 .text          0x00000000        0x0 c:/program files (x86)/atmel/studio/7.0/toolchain/avr8/avr8-gnu-toolchain/bin/../lib/gcc/avr/5.4.0/../../../../avr/lib/avrxmega2\libc.a(strnlen_P.o)
 .data          0x00000000        0x0 c:/program files (x86)/atmel/studio/7.0/toolchain/avr8/avr8-gnu-toolchain/bin/../lib/gcc/avr/5.4.0/../../../../avr/lib/avrxmega2\libc.a(strnlen_P.o)
 .bss           0x00000000        0x0 c:/program files (x86)/atmel/studio/7.0/toolchain/avr8/avr8-gnu-toolchain/bin/../lib/gcc/avr/5.4.0/../../../../avr/lib/avrxmega2\libc.a(strnlen_P.o)
 .text.avr-libc
                0x00000000       0x16 c:/program files (x86)/atmel/studio/7.0/toolchain/avr8/avr8-gnu-toolchain/bin/../lib/gcc/avr/5.4.0/../../../../avr/lib/avrxmega2\libc.a(strnlen_P.o)
 .text          0x00000000        0x0 c:/program files (x86)/atmel/studio/7.0/toolchain/avr8/avr8-gnu-toolchain/bin/../lib/gcc/avr/5.4.0/../../../../avr/lib/avrxmega2\libc.a(strnlen.o)
 .data          0x00000000        0x0 c:/program files (x86)/atmel/studio/7.0/toolchain/avr8/avr8-gnu-toolchain/bin/../lib/gcc/avr/5.4.0/../../../../avr/lib/avrxmega2\libc.a(strnlen.o)
 .bss           0x00000000        0x0 c:/program files (x86)/atmel/studio/7.0/toolchain/avr8/avr8-gnu-toolchain/bin/../lib/gcc/avr/5.4.0/../../../../avr/lib/avrxmega2\libc.a(strnlen.o)
 .text.avr-libc
                0x00000000       0x16 c:/program files (x86)/atmel/studio/7.0/toolchain/avr8/avr8-gnu-toolchain/bin/../lib/gcc/avr/5.4.0/../../../../avr/lib/avrxmega2\libc.a(strnlen.o)
 .text          0x00000000        0x0 c:/program files (x86)/atmel/studio/7.0/toolchain/avr8/avr8-gnu-toolchain/bin/../lib/gcc/avr/5.4.0/../../../../avr/lib/avrxmega2\libc.a(fputc.o)
 .data          0x00000000        0x0 c:/program files (x86)/atmel/studio/7.0/toolchain/avr8/avr8-gnu-toolchain/bin/../lib/gcc/avr/5.4.0/../../../../avr/lib/avrxmega2\libc.a(fputc.o)
 .bss           0x00000000        0x0 c:/program files (x86)/atmel/studio/7.0/toolchain/avr8/avr8-gnu-toolchain/bin/../lib/gcc/avr/5.4.0/../../../../avr/lib/avrxmega2\libc.a(fputc.o)
 .text.avr-libc
                0x00000000       0x78 c:/program files (x86)/atmel/studio/7.0/toolchain/avr8/avr8-gnu-toolchain/bin/../lib/gcc/avr/5.4.0/../../../../avr/lib/avrxmega2\libc.a(fputc.o)
 .comment       0x00000000       0x31 c:/program files (x86)/atmel/studio/7.0/toolchain/avr8/avr8-gnu-toolchain/bin/../lib/gcc/avr/5.4.0/../../../../avr/lib/avrxmega2\libc.a(fputc.o)
 .text          0x00000000        0x0 c:/program files (x86)/atmel/studio/7.0/toolchain/avr8/avr8-gnu-toolchain/bin/../lib/gcc/avr/5.4.0/../../../../avr/lib/avrxmega2\libc.a(iob.o)
 .data          0x00000000        0x0 c:/program files (x86)/atmel/studio/7.0/toolchain/avr8/avr8-gnu-toolchain/bin/../lib/gcc/avr/5.4.0/../../../../avr/lib/avrxmega2\libc.a(iob.o)
 .bss           0x00000000        0x0 c:/program files (x86)/atmel/studio/7.0/toolchain/avr8/avr8-gnu-toolchain/bin/../lib/gcc/avr/5.4.0/../../../../avr/lib/avrxmega2\libc.a(iob.o)
 .comment       0x00000000       0x31 c:/program files (x86)/atmel/studio/7.0/toolchain/avr8/avr8-gnu-toolchain/bin/../lib/gcc/avr/5.4.0/../../../../avr/lib/avrxmega2\libc.a(iob.o)
 COMMON         0x00000000        0x6 c:/program files (x86)/atmel/studio/7.0/toolchain/avr8/avr8-gnu-toolchain/bin/../lib/gcc/avr/5.4.0/../../../../avr/lib/avrxmega2\libc.a(iob.o)
 .text          0x00000000        0x0 c:/program files (x86)/atmel/studio/7.0/toolchain/avr8/avr8-gnu-toolchain/bin/../lib/gcc/avr/5.4.0/../../../../avr/lib/avrxmega2\libc.a(ultoa_invert.o)
 .data          0x00000000        0x0 c:/program files (x86)/atmel/studio/7.0/toolchain/avr8/avr8-gnu-toolchain/bin/../lib/gcc/avr/5.4.0/../../../../avr/lib/avrxmega2\libc.a(ultoa_invert.o)
 .bss           0x00000000        0x0 c:/program files (x86)/atmel/studio/7.0/toolchain/avr8/avr8-gnu-toolchain/bin/../lib/gcc/avr/5.4.0/../../../../avr/lib/avrxmega2\libc.a(ultoa_invert.o)
 .text.avr-libc
                0x00000000       0xbc c:/program files (x86)/atmel/studio/7.0/toolchain/avr8/avr8-gnu-toolchain/bin/../lib/gcc/avr/5.4.0/../../../../avr/lib/avrxmega2\libc.a(ultoa_invert.o)
 .text          0x00000000        0x0 c:/program files (x86)/atmel/studio/7.0/toolchain/avr8/avr8-gnu-toolchain/bin/../lib/gcc/avr/5.4.0/avrxmega2\libgcc.a(_prologue.o)
 .data          0x00000000        0x0 c:/program files (x86)/atmel/studio/7.0/toolchain/avr8/avr8-gnu-toolchain/bin/../lib/gcc/avr/5.4.0/avrxmega2\libgcc.a(_prologue.o)
 .bss           0x00000000        0x0 c:/program files (x86)/atmel/studio/7.0/toolchain/avr8/avr8-gnu-toolchain/bin/../lib/gcc/avr/5.4.0/avrxmega2\libgcc.a(_prologue.o)
 .text.libgcc.mul
                0x00000000        0x0 c:/program files (x86)/atmel/studio/7.0/toolchain/avr8/avr8-gnu-toolchain/bin/../lib/gcc/avr/5.4.0/avrxmega2\libgcc.a(_prologue.o)
 .text.libgcc.div
                0x00000000        0x0 c:/program files (x86)/atmel/studio/7.0/toolchain/avr8/avr8-gnu-toolchain/bin/../lib/gcc/avr/5.4.0/avrxmega2\libgcc.a(_prologue.o)
 .text.libgcc   0x00000000        0x0 c:/program files (x86)/atmel/studio/7.0/toolchain/avr8/avr8-gnu-toolchain/bin/../lib/gcc/avr/5.4.0/avrxmega2\libgcc.a(_prologue.o)
 .text.libgcc.prologue
                0x00000000       0x32 c:/program files (x86)/atmel/studio/7.0/toolchain/avr8/avr8-gnu-toolchain/bin/../lib/gcc/avr/5.4.0/avrxmega2\libgcc.a(_prologue.o)
 .text.libgcc.builtins
                0x00000000        0x0 c:/program files (x86)/atmel/studio/7.0/toolchain/avr8/avr8-gnu-toolchain/bin/../lib/gcc/avr/5.4.0/avrxmega2\libgcc.a(_prologue.o)
 .text.libgcc.fmul
                0x00000000        0x0 c:/program files (x86)/atmel/studio/7.0/toolchain/avr8/avr8-gnu-toolchain/bin/../lib/gcc/avr/5.4.0/avrxmega2\libgcc.a(_prologue.o)
 .text.libgcc.fixed
                0x00000000        0x0 c:/program files (x86)/atmel/studio/7.0/toolchain/avr8/avr8-gnu-toolchain/bin/../lib/gcc/avr/5.4.0/avrxmega2\libgcc.a(_prologue.o)
 .text          0x00000000        0x0 c:/program files (x86)/atmel/studio/7.0/toolchain/avr8/avr8-gnu-toolchain/bin/../lib/gcc/avr/5.4.0/avrxmega2\libgcc.a(_epilogue.o)
 .data          0x00000000        0x0 c:/program files (x86)/atmel/studio/7.0/toolchain/avr8/avr8-gnu-toolchain/bin/../lib/gcc/avr/5.4.0/avrxmega2\libgcc.a(_epilogue.o)
 .bss           0x00000000        0x0 c:/program files (x86)/atmel/studio/7.0/toolchain/avr8/avr8-gnu-toolchain/bin/../lib/gcc/avr/5.4.0/avrxmega2\libgcc.a(_epilogue.o)
 .text.libgcc.mul
                0x00000000        0x0 c:/program files (x86)/atmel/studio/7.0/toolchain/avr8/avr8-gnu-toolchain/bin/../lib/gcc/avr/5.4.0/avrxmega2\libgcc.a(_epilogue.o)
 .text.libgcc.div
                0x00000000        0x0 c:/program files (x86)/atmel/studio/7.0/toolchain/avr8/avr8-gnu-toolchain/bin/../lib/gcc/avr/5.4.0/avrxmega2\libgcc.a(_epilogue.o)
 .text.libgcc   0x00000000        0x0 c:/program files (x86)/atmel/studio/7.0/toolchain/avr8/avr8-gnu-toolchain/bin/../lib/gcc/avr/5.4.0/avrxmega2\libgcc.a(_epilogue.o)
 .text.libgcc.prologue
                0x00000000       0x30 c:/program files (x86)/atmel/studio/7.0/toolchain/avr8/avr8-gnu-toolchain/bin/../lib/gcc/avr/5.4.0/avrxmega2\libgcc.a(_epilogue.o)
 .text.libgcc.builtins
                0x00000000        0x0 c:/program files (x86)/atmel/studio/7.0/toolchain/avr8/avr8-gnu-toolchain/bin/../lib/gcc/avr/5.4.0/avrxmega2\libgcc.a(_epilogue.o)
 .text.libgcc.fmul
                0x00000000        0x0 c:/program files (x86)/atmel/studio/7.0/toolchain/avr8/avr8-gnu-toolchain/bin/../lib/gcc/avr/5.4.0/avrxmega2\libgcc.a(_epilogue.o)
 .text.libgcc.fixed
                0x00000000        0x0 c:/program files (x86)/atmel/studio/7.0/toolchain/avr8/avr8-gnu-toolchain/bin/../lib/gcc/avr/5.4.0/avrxmega2\libgcc.a(_epilogue.o)

Memory Configuration

Name             Origin             Length             Attributes
text             0x00000000         0x00100000         xr
data             0x00802000         0x0000ffa0         rw !x
eeprom           0x00810000         0x00010000         rw !x
fuse             0x00820000         0x00000009         rw !x
lock             0x00830000         0x00000400         rw !x
signature        0x00840000         0x00000400         rw !x
user_signatures  0x00850000         0x00000400         rw !x
*default*        0x00000000         0xffffffff

Linker script and memory map

Address of section .data set to 0x803e00
LOAD C:/Program Files (x86)/Atmel/Studio/7.0/Packs/atmel/ATtiny_DFP/1.2.118/gcc/dev/attiny817/avrxmega2/crtattiny817.o
LOAD atmel_start.o
LOAD driver_isr.o
LOAD examples/src/usart_basic_example.o
LOAD main.o
LOAD qtouch/datastreamer/datastreamer_UART_avr.o
LOAD qtouch/touch.o
LOAD src/bod.o
LOAD src/clkctrl.o
LOAD src/cpuint.o
LOAD src/driver_init.o
LOAD src/protected_io.o
LOAD src/rtc.o
LOAD src/slpctrl.o
LOAD src/usart_basic.o
LOAD touch_example.o
START GROUP
LOAD ../qtouch/lib/gcc\libqtm_touch_key_t817_0x0002.a
LOAD ../qtouch/lib/gcc\libqtm_binding_layer_t817_0x0005.a
LOAD ../qtouch/lib/gcc\libqtm_acq_runtime_t817_0x0008.a
LOAD c:/program files (x86)/atmel/studio/7.0/toolchain/avr8/avr8-gnu-toolchain/bin/../lib/gcc/avr/5.4.0/../../../../avr/lib/avrxmega2\libm.a
END GROUP
START GROUP
LOAD c:/program files (x86)/atmel/studio/7.0/toolchain/avr8/avr8-gnu-toolchain/bin/../lib/gcc/avr/5.4.0/avrxmega2\libgcc.a
LOAD c:/program files (x86)/atmel/studio/7.0/toolchain/avr8/avr8-gnu-toolchain/bin/../lib/gcc/avr/5.4.0/../../../../avr/lib/avrxmega2\libm.a
LOAD c:/program files (x86)/atmel/studio/7.0/toolchain/avr8/avr8-gnu-toolchain/bin/../lib/gcc/avr/5.4.0/../../../../avr/lib/avrxmega2\libc.a
LOAD C:/Program Files (x86)/Atmel/Studio/7.0/Packs/atmel/ATtiny_DFP/1.2.118/gcc/dev/attiny817/avrxmega2\libattiny817.a
END GROUP
                0x00100000                __TEXT_REGION_LENGTH__ = DEFINED (__TEXT_REGION_LENGTH__)?__TEXT_REGION_LENGTH__:0x100000
                0x0000ffa0                __DATA_REGION_LENGTH__ = DEFINED (__DATA_REGION_LENGTH__)?__DATA_REGION_LENGTH__:0xffa0
                0x00010000                __EEPROM_REGION_LENGTH__ = DEFINED (__EEPROM_REGION_LENGTH__)?__EEPROM_REGION_LENGTH__:0x10000
                [0x00000009]                __FUSE_REGION_LENGTH__ = DEFINED (__FUSE_REGION_LENGTH__)?__FUSE_REGION_LENGTH__:0x400
                0x00000400                __LOCK_REGION_LENGTH__ = DEFINED (__LOCK_REGION_LENGTH__)?__LOCK_REGION_LENGTH__:0x400
                0x00000400                __SIGNATURE_REGION_LENGTH__ = DEFINED (__SIGNATURE_REGION_LENGTH__)?__SIGNATURE_REGION_LENGTH__:0x400
                0x00000400                __USER_SIGNATURE_REGION_LENGTH__ = DEFINED (__USER_SIGNATURE_REGION_LENGTH__)?__USER_SIGNATURE_REGION_LENGTH__:0x400

.hash
 *(.hash)

.dynsym
 *(.dynsym)

.dynstr
 *(.dynstr)

.gnu.version
 *(.gnu.version)

.gnu.version_d
 *(.gnu.version_d)

.gnu.version_r
 *(.gnu.version_r)

.rel.init
 *(.rel.init)

.rela.init
 *(.rela.init)

.rel.text
 *(.rel.text)
 *(.rel.text.*)
 *(.rel.gnu.linkonce.t*)

.rela.text
 *(.rela.text)
 *(.rela.text.*)
 *(.rela.gnu.linkonce.t*)

.rel.fini
 *(.rel.fini)

.rela.fini
 *(.rela.fini)

.rel.rodata
 *(.rel.rodata)
 *(.rel.rodata.*)
 *(.rel.gnu.linkonce.r*)

.rela.rodata
 *(.rela.rodata)
 *(.rela.rodata.*)
 *(.rela.gnu.linkonce.r*)

.rel.data
 *(.rel.data)
 *(.rel.data.*)
 *(.rel.gnu.linkonce.d*)

.rela.data
 *(.rela.data)
 *(.rela.data.*)
 *(.rela.gnu.linkonce.d*)

.rel.ctors
 *(.rel.ctors)

.rela.ctors
 *(.rela.ctors)

.rel.dtors
 *(.rel.dtors)

.rela.dtors
 *(.rela.dtors)

.rel.got
 *(.rel.got)

.rela.got
 *(.rela.got)

.rel.bss
 *(.rel.bss)

.rela.bss
 *(.rela.bss)

.rel.plt
 *(.rel.plt)

.rela.plt
 *(.rela.plt)

.text           0x00000000     0x1976
 *(.vectors)
 .vectors       0x00000000       0x34 C:/Program Files (x86)/Atmel/Studio/7.0/Packs/atmel/ATtiny_DFP/1.2.118/gcc/dev/attiny817/avrxmega2/crtattiny817.o
                0x00000000                __vector_default
                0x00000000                __vectors
 *(.vectors)
 *(.progmem.gcc*)
                0x00000034                . = ALIGN (0x2)
                0x00000034                __trampolines_start = .
 *(.trampolines)
 .trampolines   0x00000034        0x0 linker stubs
 *(.trampolines*)
                0x00000034                __trampolines_end = .
 *libprintf_flt.a:*(.progmem.data)
 *libc.a:*(.progmem.data)
 *(.progmem*)
                0x00000034                . = ALIGN (0x2)
 *(.jumptables)
 *(.jumptables*)
 *(.lowtext)
 *(.lowtext*)
                0x00000034                __ctors_start = .
 *(.ctors)
                0x00000034                __ctors_end = .
                0x00000034                __dtors_start = .
 *(.dtors)
                0x00000034                __dtors_end = .
 SORT(*)(.ctors)
 SORT(*)(.dtors)
 *(.init0)
 .init0         0x00000034        0x0 C:/Program Files (x86)/Atmel/Studio/7.0/Packs/atmel/ATtiny_DFP/1.2.118/gcc/dev/attiny817/avrxmega2/crtattiny817.o
                0x00000034                __init
 *(.init0)
 *(.init1)
 *(.init1)
 *(.init2)
 .init2         0x00000034        0xc C:/Program Files (x86)/Atmel/Studio/7.0/Packs/atmel/ATtiny_DFP/1.2.118/gcc/dev/attiny817/avrxmega2/crtattiny817.o
 *(.init2)
 *(.init3)
 *(.init3)
 *(.init4)
 .init4         0x00000040       0x16 c:/program files (x86)/atmel/studio/7.0/toolchain/avr8/avr8-gnu-toolchain/bin/../lib/gcc/avr/5.4.0/avrxmega2\libgcc.a(_copy_data.o)
                0x00000040                __do_copy_data
 .init4         0x00000056       0x10 c:/program files (x86)/atmel/studio/7.0/toolchain/avr8/avr8-gnu-toolchain/bin/../lib/gcc/avr/5.4.0/avrxmega2\libgcc.a(_clear_bss.o)
                0x00000056                __do_clear_bss
 *(.init4)
 *(.init5)
 *(.init5)
 *(.init6)
 *(.init6)
 *(.init7)
 *(.init7)
 *(.init8)
 *(.init8)
 *(.init9)
 .init9         0x00000066        0x8 C:/Program Files (x86)/Atmel/Studio/7.0/Packs/atmel/ATtiny_DFP/1.2.118/gcc/dev/attiny817/avrxmega2/crtattiny817.o
 *(.init9)
 *(.text)
 .text          0x0000006e        0x4 C:/Program Files (x86)/Atmel/Studio/7.0/Packs/atmel/ATtiny_DFP/1.2.118/gcc/dev/attiny817/avrxmega2/crtattiny817.o
                0x0000006e                __vector_22
                0x0000006e                __vector_1
                0x0000006e                __vector_24
                0x0000006e                __vector_12
                0x0000006e                __bad_interrupt
                0x0000006e                __vector_3
                0x0000006e                __vector_23
                0x0000006e                __vector_25
                0x0000006e                __vector_11
                0x0000006e                __vector_13
                0x0000006e                __vector_19
                0x0000006e                __vector_7
                0x0000006e                __vector_5
                0x0000006e                __vector_4
                0x0000006e                __vector_9
                0x0000006e                __vector_2
                0x0000006e                __vector_21
                0x0000006e                __vector_15
                0x0000006e                __vector_8
                0x0000006e                __vector_14
                0x0000006e                __vector_10
                0x0000006e                __vector_16
                0x0000006e                __vector_18
                0x0000006e                __vector_20
                0x00000072                . = ALIGN (0x2)
 *(.text.*)
 .text.atmel_start_init
                0x00000072        0xa atmel_start.o
                0x00000072                atmel_start_init
 .text.__vector_6
                0x0000007c       0x4e driver_isr.o
                0x0000007c                __vector_6
 .text.main     0x000000ca       0x22 main.o
                0x000000ca                main
 .text.datastreamer_init
                0x000000ec        0x2 qtouch/datastreamer/datastreamer_UART_avr.o
                0x000000ec                datastreamer_init
 .text.datastreamer_transmit
                0x000000ee       0x1e qtouch/datastreamer/datastreamer_UART_avr.o
                0x000000ee                datastreamer_transmit
 .text.datastreamer_output
                0x0000010c      0x120 qtouch/datastreamer/datastreamer_UART_avr.o
                0x0000010c                datastreamer_output
 .text.qtm_measure_complete_callback
                0x0000022c        0xc qtouch/touch.o
 .text.qtm_post_process_complete
                0x00000238       0x22 qtouch/touch.o
 .text.qtm_error_callback
                0x0000025a       0x24 qtouch/touch.o
 .text.init_complete_callback
                0x0000027e       0x56 qtouch/touch.o
 .text.Timer_set_period
                0x000002d4       0x16 qtouch/touch.o
                0x000002d4                Timer_set_period
 .text.touch_init
                0x000002ea       0x94 qtouch/touch.o
                0x000002ea                touch_init
 .text.touch_process
                0x0000037e       0x78 qtouch/touch.o
                0x0000037e                touch_process
 .text.touch_timer_handler
                0x000003f6       0x14 qtouch/touch.o
                0x000003f6                touch_timer_handler
 .text.get_sensor_node_signal
                0x0000040a       0x1a qtouch/touch.o
                0x0000040a                get_sensor_node_signal
 .text.get_sensor_node_reference
                0x00000424       0x1a qtouch/touch.o
                0x00000424                get_sensor_node_reference
 .text.get_sensor_cc_val
                0x0000043e       0x1a qtouch/touch.o
                0x0000043e                get_sensor_cc_val
 .text.get_sensor_state
                0x00000458       0x1e qtouch/touch.o
                0x00000458                get_sensor_state
 .text.__vector_17
                0x00000476       0x48 qtouch/touch.o
                0x00000476                __vector_17
 .text.BOD_init
                0x000004be        0x4 src/bod.o
                0x000004be                BOD_init
 .text.CLKCTRL_init
                0x000004c2        0x4 src/clkctrl.o
                0x000004c2                CLKCTRL_init
 .text.CPUINT_init
                0x000004c6        0x4 src/cpuint.o
                0x000004c6                CPUINT_init
 .text.mcu_init
                0x000004ca       0x38 src/driver_init.o
                0x000004ca                mcu_init
 .text.USART_initialization
                0x00000502       0x16 src/driver_init.o
                0x00000502                USART_initialization
 .text.system_init
                0x00000518       0x22 src/driver_init.o
                0x00000518                system_init
 .text.Timer_init
                0x0000053a       0x18 src/rtc.o
                0x0000053a                Timer_init
 .text.SLPCTRL_init
                0x00000552        0x4 src/slpctrl.o
                0x00000552                SLPCTRL_init
 .text.USART_init
                0x00000556       0x14 src/usart_basic.o
                0x00000556                USART_init
 .text.USART_is_tx_ready
                0x0000056a        0xc src/usart_basic.o
                0x0000056a                USART_is_tx_ready
 .text.USART_is_tx_busy
                0x00000576       0x10 src/usart_basic.o
                0x00000576                USART_is_tx_busy
 .text.USART_write
                0x00000586       0x10 src/usart_basic.o
                0x00000586                USART_write
 .text.check_for_aks_block
                0x00000596       0xd4 ../qtouch/lib/gcc\libqtm_touch_key_t817_0x0002.a(avr_touch_key_g_t817.o)
 .text.qtm_update_qtlib_timer
                0x0000066a       0x16 ../qtouch/lib/gcc\libqtm_touch_key_t817_0x0002.a(avr_touch_key_g_t817.o)
                0x0000066a                qtm_update_qtlib_timer
 .text.qtm_init_sensor_key
                0x00000680       0x3e ../qtouch/lib/gcc\libqtm_touch_key_t817_0x0002.a(avr_touch_key_g_t817.o)
                0x00000680                qtm_init_sensor_key
 .text.qtm_key_sensors_process
                0x000006be      0x882 ../qtouch/lib/gcc\libqtm_touch_key_t817_0x0002.a(avr_touch_key_g_t817.o)
                0x000006be                qtm_key_sensors_process
 .text.qtm_error_handler
                0x00000f40       0x1c ../qtouch/lib/gcc\libqtm_binding_layer_t817_0x0005.a(avr_binding_layer_g_t817.o)
 .text.generic_callback_function
                0x00000f5c       0x1a ../qtouch/lib/gcc\libqtm_binding_layer_t817_0x0005.a(avr_binding_layer_g_t817.o)
 .text.qmt_get_binding_layer_ptr
                0x00000f76        0xa ../qtouch/lib/gcc\libqtm_binding_layer_t817_0x0005.a(avr_binding_layer_g_t817.o)
                0x00000f76                qmt_get_binding_layer_ptr
 .text.qtm_binding_layer_init
                0x00000f80       0xbe ../qtouch/lib/gcc\libqtm_binding_layer_t817_0x0005.a(avr_binding_layer_g_t817.o)
                0x00000f80                qtm_binding_layer_init
 .text.qtm_lib_start_acquisition
                0x0000103e       0xa4 ../qtouch/lib/gcc\libqtm_binding_layer_t817_0x0005.a(avr_binding_layer_g_t817.o)
                0x0000103e                qtm_lib_start_acquisition
 .text.qtm_lib_acq_process
                0x000010e2       0x10 ../qtouch/lib/gcc\libqtm_binding_layer_t817_0x0005.a(avr_binding_layer_g_t817.o)
                0x000010e2                qtm_lib_acq_process
 .text.qtm_lib_post_process
                0x000010f2      0x12a ../qtouch/lib/gcc\libqtm_binding_layer_t817_0x0005.a(avr_binding_layer_g_t817.o)
                0x000010f2                qtm_lib_post_process
 .text.select_next_channel_to_measure
                0x0000121c       0x66 ../qtouch/lib/gcc\libqtm_acq_runtime_t817_0x0008.a(avr_acq_runtime_g_t817.o)
 .text.qtm_measure_node
                0x00001282      0x108 ../qtouch/lib/gcc\libqtm_acq_runtime_t817_0x0008.a(avr_acq_runtime_g_t817.o)
 .text.qtm_acquisition_process
                0x0000138a      0x388 ../qtouch/lib/gcc\libqtm_acq_runtime_t817_0x0008.a(avr_acq_runtime_g_t817.o)
                0x0000138a                qtm_acquisition_process
 .text.qtm_ptc_init_acquisition_module
                0x00001712       0x70 ../qtouch/lib/gcc\libqtm_acq_runtime_t817_0x0008.a(avr_acq_runtime_g_t817.o)
                0x00001712                qtm_ptc_init_acquisition_module
 .text.qtm_ptc_qtlib_assign_signal_memory
                0x00001782       0x14 ../qtouch/lib/gcc\libqtm_acq_runtime_t817_0x0008.a(avr_acq_runtime_g_t817.o)
                0x00001782                qtm_ptc_qtlib_assign_signal_memory
 .text.qtm_ptc_start_measurement_seq
                0x00001796       0xc4 ../qtouch/lib/gcc\libqtm_acq_runtime_t817_0x0008.a(avr_acq_runtime_g_t817.o)
                0x00001796                qtm_ptc_start_measurement_seq
 .text.qtm_enable_sensor_node
                0x0000185a       0x3e ../qtouch/lib/gcc\libqtm_acq_runtime_t817_0x0008.a(avr_acq_runtime_g_t817.o)
                0x0000185a                qtm_enable_sensor_node
 .text.qtm_calibrate_sensor_node
                0x00001898       0x82 ../qtouch/lib/gcc\libqtm_acq_runtime_t817_0x0008.a(avr_acq_runtime_g_t817.o)
                0x00001898                qtm_calibrate_sensor_node
 .text.qtm_t81x_ptc_handler_eoc
                0x0000191a       0x58 ../qtouch/lib/gcc\libqtm_acq_runtime_t817_0x0008.a(avr_acq_runtime_g_t817.o)
                0x0000191a                qtm_t81x_ptc_handler_eoc
                0x00001972                . = ALIGN (0x2)
 *(.fini9)
 .fini9         0x00001972        0x0 c:/program files (x86)/atmel/studio/7.0/toolchain/avr8/avr8-gnu-toolchain/bin/../lib/gcc/avr/5.4.0/avrxmega2\libgcc.a(_exit.o)
                0x00001972                _exit
                0x00001972                exit
 *(.fini9)
 *(.fini8)
 *(.fini8)
 *(.fini7)
 *(.fini7)
 *(.fini6)
 *(.fini6)
 *(.fini5)
 *(.fini5)
 *(.fini4)
 *(.fini4)
 *(.fini3)
 *(.fini3)
 *(.fini2)
 *(.fini2)
 *(.fini1)
 *(.fini1)
 *(.fini0)
 .fini0         0x00001972        0x4 c:/program files (x86)/atmel/studio/7.0/toolchain/avr8/avr8-gnu-toolchain/bin/../lib/gcc/avr/5.4.0/avrxmega2\libgcc.a(_exit.o)
 *(.fini0)
                0x00001976                _etext = .

.data           0x00803e00       0x60 load address 0x00001976
                0x00803e00                PROVIDE (__data_start, .)
 *(.data)
 *(.data*)
 .data.data     0x00803e00       0x13 qtouch/datastreamer/datastreamer_UART_avr.o
                0x00803e00                data
 .data.library_module_proc_data_model
                0x00803e13        0x4 qtouch/touch.o
                0x00803e13                library_module_proc_data_model
 .data.library_module_acq_engine_data_model
                0x00803e17        0x4 qtouch/touch.o
                0x00803e17                library_module_acq_engine_data_model
 .data.library_modules_acq_engines
                0x00803e1b        0x4 qtouch/touch.o
                0x00803e1b                library_modules_acq_engines
 .data.library_module_init_data_models
                0x00803e1f        0x4 qtouch/touch.o
                0x00803e1f                library_module_init_data_models
 .data.library_modules_proc
                0x00803e23        0x4 qtouch/touch.o
                0x00803e23                library_modules_proc
 .data.library_modules_init
                0x00803e27        0x4 qtouch/touch.o
                0x00803e27                library_modules_init
 .data.qtlib_key_set1
                0x00803e2b        0x8 qtouch/touch.o
                0x00803e2b                qtlib_key_set1
 .data.qtlib_key_configs_set1
                0x00803e33        0x6 qtouch/touch.o
                0x00803e33                qtlib_key_configs_set1
 .data.qtlib_key_grp_config_set1
                0x00803e39        0xa qtouch/touch.o
                0x00803e39                qtlib_key_grp_config_set1
 .data.qtlib_acq_set1
                0x00803e43        0x6 qtouch/touch.o
                0x00803e43                qtlib_acq_set1
 .data.ptc_seq_node_cfg1
                0x00803e49        0xc qtouch/touch.o
                0x00803e49                ptc_seq_node_cfg1
 .data.ptc_qtlib_acq_gen1
                0x00803e55        0x5 qtouch/touch.o
                0x00803e55                ptc_qtlib_acq_gen1
 *(.rodata)
 *(.rodata*)
 .rodata.gain_setting_int_cap
                0x00803e5a        0x6 ../qtouch/lib/gcc\libqtm_acq_runtime_t817_0x0008.a(avr_acq_runtime_g_t817.o)
 *(.gnu.linkonce.d*)
                0x00803e60                . = ALIGN (0x2)
                0x00803e60                _edata = .
                0x00803e60                PROVIDE (__data_end, .)

.bss            0x00803e60       0x4f
                0x00803e60                PROVIDE (__bss_start, .)
 *(.bss)
 *(.bss*)
 .bss.sequence.4231
                0x00803e60        0x1 qtouch/datastreamer/datastreamer_UART_avr.o
 .bss.module_error_code
                0x00803e61        0x1 qtouch/touch.o
                0x00803e61                module_error_code
 .bss.qtm_local_ms_timecount
                0x00803e62        0x2 ../qtouch/lib/gcc\libqtm_touch_key_t817_0x0002.a(avr_touch_key_g_t817.o)
                0x00803e62                qtm_local_ms_timecount
 .bss.errors    0x00803e64        0x1 ../qtouch/lib/gcc\libqtm_binding_layer_t817_0x0005.a(avr_binding_layer_g_t817.o)
 .bss.current_module_id
                0x00803e65        0x1 ../qtouch/lib/gcc\libqtm_binding_layer_t817_0x0005.a(avr_binding_layer_g_t817.o)
 .bss.current_process_id
                0x00803e66        0x1 ../qtouch/lib/gcc\libqtm_binding_layer_t817_0x0005.a(avr_binding_layer_g_t817.o)
 .bss.qtm_state
                0x00803e67        0x1 ../qtouch/lib/gcc\libqtm_binding_layer_t817_0x0005.a(avr_binding_layer_g_t817.o)
                0x00803e67                qtm_state
 .bss.ptc_seq_measure_complete_pointer
                0x00803e68        0x2 ../qtouch/lib/gcc\libqtm_acq_runtime_t817_0x0008.a(avr_acq_runtime_g_t817.o)
 .bss.touch_seq_lib_state
                0x00803e6a        0x1 ../qtouch/lib/gcc\libqtm_acq_runtime_t817_0x0008.a(avr_acq_runtime_g_t817.o)
 .bss.current_measure_channel
                0x00803e6b        0x2 ../qtouch/lib/gcc\libqtm_acq_runtime_t817_0x0008.a(avr_acq_runtime_g_t817.o)
 *(COMMON)
 COMMON         0x00803e6d       0x3c qtouch/touch.o
                0x00803e6d                qstate
                0x00803e6e                qtlib_key_grp_data_set1
                0x00803e74                ptc_qtlib_node_stat1
                0x00803e7e                touch_acq_signals_raw
                0x00803e82                p_qtm_control
                0x00803e84                qtm_control
                0x00803e9d                qtlib_key_data_set1
 COMMON         0x00803ea9        0x2 ../qtouch/lib/gcc\libqtm_binding_layer_t817_0x0005.a(avr_binding_layer_g_t817.o)
                0x00803ea9                qtm
 COMMON         0x00803eab        0x4 ../qtouch/lib/gcc\libqtm_acq_runtime_t817_0x0008.a(avr_acq_runtime_g_t817.o)
                0x00803eab                qtm_acquisition_control_working_set_ptr
                0x00803ead                qtm_raw_data_measurements_ptr
                0x00803eaf                PROVIDE (__bss_end, .)
                0x00001976                __data_load_start = LOADADDR (.data)
                0x000019d6                __data_load_end = (__data_load_start + SIZEOF (.data))

.noinit         0x00803eaf        0x0
                [!provide]                PROVIDE (__noinit_start, .)
 *(.noinit*)
                [!provide]                PROVIDE (__noinit_end, .)
                0x00803eaf                _end = .
                [!provide]                PROVIDE (__heap_start, .)

.eeprom         0x00810000        0x0
 *(.eeprom*)
                0x00810000                __eeprom_end = .

.fuse
 *(.fuse)
 *(.lfuse)
 *(.hfuse)
 *(.efuse)

.lock
 *(.lock*)

.signature
 *(.signature*)

.user_signatures
 *(.user_signatures*)

.stab
 *(.stab)

.stabstr
 *(.stabstr)

.stab.excl
 *(.stab.excl)

.stab.exclstr
 *(.stab.exclstr)

.stab.index
 *(.stab.index)

.stab.indexstr
 *(.stab.indexstr)

.comment        0x00000000       0x60
 *(.comment)
 .comment       0x00000000       0x30 atmel_start.o
                                 0x31 (size before relaxing)
 .comment       0x00000030       0x31 driver_isr.o
 .comment       0x00000030       0x31 main.o
 .comment       0x00000030       0x31 qtouch/datastreamer/datastreamer_UART_avr.o
 .comment       0x00000030       0x31 qtouch/touch.o
 .comment       0x00000030       0x31 src/bod.o
 .comment       0x00000030       0x31 src/clkctrl.o
 .comment       0x00000030       0x31 src/cpuint.o
 .comment       0x00000030       0x31 src/driver_init.o
 .comment       0x00000030       0x31 src/rtc.o
 .comment       0x00000030       0x31 src/slpctrl.o
 .comment       0x00000030       0x31 src/usart_basic.o
 .comment       0x00000030       0x30 ../qtouch/lib/gcc\libqtm_touch_key_t817_0x0002.a(avr_touch_key_g_t817.o)
                                 0x31 (size before relaxing)
 .comment       0x00000060       0x31 ../qtouch/lib/gcc\libqtm_binding_layer_t817_0x0005.a(avr_binding_layer_g_t817.o)
 .comment       0x00000060       0x31 ../qtouch/lib/gcc\libqtm_acq_runtime_t817_0x0008.a(avr_acq_runtime_g_t817.o)

.note.gnu.avr.deviceinfo
                0x00000000       0x3c
 .note.gnu.avr.deviceinfo
                0x00000000       0x3c C:/Program Files (x86)/Atmel/Studio/7.0/Packs/atmel/ATtiny_DFP/1.2.118/gcc/dev/attiny817/avrxmega2/crtattiny817.o

.note.gnu.build-id
 *(.note.gnu.build-id)

.debug
 *(.debug)

.line
 *(.line)

.debug_srcinfo
 *(.debug_srcinfo)

.debug_sfnames
 *(.debug_sfnames)

.debug_aranges  0x00000000      0x268
 *(.debug_aranges)
 .debug_aranges
                0x00000000       0x20 atmel_start.o
 .debug_aranges
                0x00000020       0x20 driver_isr.o
 .debug_aranges
                0x00000040       0x20 main.o
 .debug_aranges
                0x00000060       0x30 qtouch/datastreamer/datastreamer_UART_avr.o
 .debug_aranges
                0x00000090       0xa0 qtouch/touch.o
 .debug_aranges
                0x00000130       0x20 src/bod.o
 .debug_aranges
                0x00000150       0x20 src/clkctrl.o
 .debug_aranges
                0x00000170       0x20 src/cpuint.o
 .debug_aranges
                0x00000190       0x30 src/driver_init.o
 .debug_aranges
                0x000001c0       0x20 src/rtc.o
 .debug_aranges
                0x000001e0       0x20 src/slpctrl.o
 .debug_aranges
                0x00000200       0x68 src/usart_basic.o

.debug_pubnames
 *(.debug_pubnames)

.debug_info     0x00000000     0x46b6
 *(.debug_info .gnu.linkonce.wi.*)
 .debug_info    0x00000000     0x16bc C:/Program Files (x86)/Atmel/Studio/7.0/Packs/atmel/ATtiny_DFP/1.2.118/gcc/dev/attiny817/avrxmega2/crtattiny817.o
 .debug_info    0x000016bc       0xb0 atmel_start.o
 .debug_info    0x0000176c      0x351 driver_isr.o
 .debug_info    0x00001abd      0x225 main.o
 .debug_info    0x00001ce2      0x389 qtouch/datastreamer/datastreamer_UART_avr.o
 .debug_info    0x0000206b     0x15bd qtouch/touch.o
 .debug_info    0x00003628       0x8d src/bod.o
 .debug_info    0x000036b5       0x8d src/clkctrl.o
 .debug_info    0x00003742       0x8d src/cpuint.o
 .debug_info    0x000037cf      0x769 src/driver_init.o
 .debug_info    0x00003f38      0x3e0 src/rtc.o
 .debug_info    0x00004318       0x8d src/slpctrl.o
 .debug_info    0x000043a5      0x311 src/usart_basic.o

.debug_abbrev   0x00000000     0x2169
 *(.debug_abbrev)
 .debug_abbrev  0x00000000     0x1582 C:/Program Files (x86)/Atmel/Studio/7.0/Packs/atmel/ATtiny_DFP/1.2.118/gcc/dev/attiny817/avrxmega2/crtattiny817.o
 .debug_abbrev  0x00001582       0x63 atmel_start.o
 .debug_abbrev  0x000015e5       0xd9 driver_isr.o
 .debug_abbrev  0x000016be      0x140 main.o
 .debug_abbrev  0x000017fe      0x13f qtouch/datastreamer/datastreamer_UART_avr.o
 .debug_abbrev  0x0000193d      0x33c qtouch/touch.o
 .debug_abbrev  0x00001c79       0x51 src/bod.o
 .debug_abbrev  0x00001cca       0x51 src/clkctrl.o
 .debug_abbrev  0x00001d1b       0x51 src/cpuint.o
 .debug_abbrev  0x00001d6c      0x1a4 src/driver_init.o
 .debug_abbrev  0x00001f10       0xd4 src/rtc.o
 .debug_abbrev  0x00001fe4       0x51 src/slpctrl.o
 .debug_abbrev  0x00002035      0x134 src/usart_basic.o

.debug_line     0x00000000     0x1342
 *(.debug_line .debug_line.* .debug_line_end)
 .debug_line    0x00000000      0x133 C:/Program Files (x86)/Atmel/Studio/7.0/Packs/atmel/ATtiny_DFP/1.2.118/gcc/dev/attiny817/avrxmega2/crtattiny817.o
 .debug_line    0x00000133       0x8b atmel_start.o
 .debug_line    0x000001be      0x138 driver_isr.o
 .debug_line    0x000002f6      0x18a main.o
 .debug_line    0x00000480      0x225 qtouch/datastreamer/datastreamer_UART_avr.o
 .debug_line    0x000006a5      0x477 qtouch/touch.o
 .debug_line    0x00000b1c       0xa2 src/bod.o
 .debug_line    0x00000bbe       0xa6 src/clkctrl.o
 .debug_line    0x00000c64       0xa5 src/cpuint.o
 .debug_line    0x00000d09      0x254 src/driver_init.o
 .debug_line    0x00000f5d      0x11e src/rtc.o
 .debug_line    0x0000107b       0xa6 src/slpctrl.o
 .debug_line    0x00001121      0x221 src/usart_basic.o

.debug_frame    0x00000000      0x43c
 *(.debug_frame)
 .debug_frame   0x00000000       0x24 atmel_start.o
 .debug_frame   0x00000024       0x6c driver_isr.o
 .debug_frame   0x00000090       0x24 main.o
 .debug_frame   0x000000b4       0x70 qtouch/datastreamer/datastreamer_UART_avr.o
 .debug_frame   0x00000124      0x16c qtouch/touch.o
 .debug_frame   0x00000290       0x24 src/bod.o
 .debug_frame   0x000002b4       0x24 src/clkctrl.o
 .debug_frame   0x000002d8       0x24 src/cpuint.o
 .debug_frame   0x000002fc       0x44 src/driver_init.o
 .debug_frame   0x00000340       0x24 src/rtc.o
 .debug_frame   0x00000364       0x24 src/slpctrl.o
 .debug_frame   0x00000388       0xb4 src/usart_basic.o

.debug_str      0x00000000     0x235f
 *(.debug_str)
 .debug_str     0x00000000      0x9a7 C:/Program Files (x86)/Atmel/Studio/7.0/Packs/atmel/ATtiny_DFP/1.2.118/gcc/dev/attiny817/avrxmega2/crtattiny817.o
 .debug_str     0x000009a7      0x13c atmel_start.o
                                0x170 (size before relaxing)
 .debug_str     0x00000ae3      0x18f driver_isr.o
                                0x2ea (size before relaxing)
 .debug_str     0x00000c72       0x78 main.o
                                0x1e1 (size before relaxing)
 .debug_str     0x00000cea      0x1ae qtouch/datastreamer/datastreamer_UART_avr.o
                                0x312 (size before relaxing)
 .debug_str     0x00000e98     0x1005 qtouch/touch.o
                               0x146c (size before relaxing)
 .debug_str     0x00001e9d       0x16 src/bod.o
                                0x152 (size before relaxing)
 .debug_str     0x00001eb3       0x1e src/clkctrl.o
                                0x15a (size before relaxing)
 .debug_str     0x00001ed1       0x1c src/cpuint.o
                                0x158 (size before relaxing)
 .debug_str     0x00001eed      0x119 src/driver_init.o
                                0x467 (size before relaxing)
 .debug_str     0x00002006      0x201 src/rtc.o
                                0x4cc (size before relaxing)
 .debug_str     0x00002207       0x11 src/slpctrl.o
                                0x15a (size before relaxing)
 .debug_str     0x00002218      0x147 src/usart_basic.o
                                0x323 (size before relaxing)

.debug_loc      0x00000000      0x72a
 *(.debug_loc)
 .debug_loc     0x00000000       0xcb driver_isr.o
 .debug_loc     0x000000cb       0x74 main.o
 .debug_loc     0x0000013f      0x1b1 qtouch/datastreamer/datastreamer_UART_avr.o
 .debug_loc     0x000002f0      0x312 qtouch/touch.o
 .debug_loc     0x00000602      0x128 src/driver_init.o

.debug_macinfo
 *(.debug_macinfo)

.debug_weaknames
 *(.debug_weaknames)

.debug_funcnames
 *(.debug_funcnames)

.debug_typenames
 *(.debug_typenames)

.debug_varnames
 *(.debug_varnames)

.debug_pubtypes
 *(.debug_pubtypes)

.debug_ranges   0x00000000      0x1a8
 *(.debug_ranges)
 .debug_ranges  0x00000000       0x10 atmel_start.o
 .debug_ranges  0x00000010       0x10 driver_isr.o
 .debug_ranges  0x00000020       0x10 main.o
 .debug_ranges  0x00000030       0x20 qtouch/datastreamer/datastreamer_UART_avr.o
 .debug_ranges  0x00000050       0x90 qtouch/touch.o
 .debug_ranges  0x000000e0       0x10 src/bod.o
 .debug_ranges  0x000000f0       0x10 src/clkctrl.o
 .debug_ranges  0x00000100       0x10 src/cpuint.o
 .debug_ranges  0x00000110       0x20 src/driver_init.o
 .debug_ranges  0x00000130       0x10 src/rtc.o
 .debug_ranges  0x00000140       0x10 src/slpctrl.o
 .debug_ranges  0x00000150       0x58 src/usart_basic.o

.debug_macro
 *(.debug_macro)
OUTPUT(Touch.elf elf32-avr)
LOAD linker stubs
